<?xml version="1.0"?>
<link_info>
   <banner>TMS320C2000 Linker PC v16.9.1.LTS</banner>
   <copyright>Copyright (c) 1996-2015 Texas Instruments Incorporated</copyright>
   <link_time>0x59394b34</link_time>
   <link_errors>0x0</link_errors>
   <output_file>f2803x_flash_kernel.out</output_file>
   <entry_point>
      <name>_InitBoot</name>
      <address>0x3f6928</address>
   </entry_point>
   <input_file_list>
      <input_file id="fl-2">
         <path>.\</path>
         <kind>object</kind>
         <file>DSP2803x_CpuTimers.obj</file>
         <name>DSP2803x_CpuTimers.obj</name>
      </input_file>
      <input_file id="fl-3">
         <path>.\</path>
         <kind>object</kind>
         <file>DSP2803x_DefaultIsr.obj</file>
         <name>DSP2803x_DefaultIsr.obj</name>
      </input_file>
      <input_file id="fl-4">
         <path>.\</path>
         <kind>object</kind>
         <file>DSP2803x_GlobalVariableDefs.obj</file>
         <name>DSP2803x_GlobalVariableDefs.obj</name>
      </input_file>
      <input_file id="fl-5">
         <path>.\</path>
         <kind>object</kind>
         <file>DSP2803x_PieCtrl.obj</file>
         <name>DSP2803x_PieCtrl.obj</name>
      </input_file>
      <input_file id="fl-6">
         <path>.\</path>
         <kind>object</kind>
         <file>DSP2803x_PieVect.obj</file>
         <name>DSP2803x_PieVect.obj</name>
      </input_file>
      <input_file id="fl-7">
         <path>.\</path>
         <kind>object</kind>
         <file>DSP2803x_SysCtrl.obj</file>
         <name>DSP2803x_SysCtrl.obj</name>
      </input_file>
      <input_file id="fl-8">
         <path>.\</path>
         <kind>object</kind>
         <file>DSP2803x_loaderCodeStartBranch.obj</file>
         <name>DSP2803x_loaderCodeStartBranch.obj</name>
      </input_file>
      <input_file id="fl-9">
         <path>.\</path>
         <kind>object</kind>
         <file>DSP2803x_usDelay.obj</file>
         <name>DSP2803x_usDelay.obj</name>
      </input_file>
      <input_file id="fl-a">
         <path>.\</path>
         <kind>object</kind>
         <file>Exit_Boot.obj</file>
         <name>Exit_Boot.obj</name>
      </input_file>
      <input_file id="fl-b">
         <path>.\</path>
         <kind>object</kind>
         <file>InitBootLoader.obj</file>
         <name>InitBootLoader.obj</name>
      </input_file>
      <input_file id="fl-c">
         <path>.\</path>
         <kind>object</kind>
         <file>SCI_Boot.obj</file>
         <name>SCI_Boot.obj</name>
      </input_file>
      <input_file id="fl-d">
         <path>.\</path>
         <kind>object</kind>
         <file>Shared_Boot.obj</file>
         <name>Shared_Boot.obj</name>
      </input_file>
      <input_file id="fl-e">
         <path>.\</path>
         <kind>object</kind>
         <file>descriptor.obj</file>
         <name>descriptor.obj</name>
      </input_file>
      <input_file id="fl-f">
         <path>.\</path>
         <kind>object</kind>
         <file>flashcheck.obj</file>
         <name>flashcheck.obj</name>
      </input_file>
      <input_file id="fl-10">
         <path>.\</path>
         <kind>object</kind>
         <file>main.obj</file>
         <name>main.obj</name>
      </input_file>
      <input_file id="fl-17">
         <path>..\</path>
         <kind>archive</kind>
         <file>2803x_FlashAPI_BootROMSymbols.lib</file>
         <name>__Release_TMS320x2803x_boot_rom_out__Flash2803x_Erase_tmp.obj</name>
      </input_file>
      <input_file id="fl-18">
         <path>..\</path>
         <kind>archive</kind>
         <file>2803x_FlashAPI_BootROMSymbols.lib</file>
         <name>__Release_TMS320x2803x_boot_rom_out__Flash2803x_Program_tmp.obj</name>
      </input_file>
      <input_file id="fl-26">
         <path>C:\ti\ccsv7\tools\compiler\ti-cgt-c2000_16.9.1.LTS\lib\</path>
         <kind>archive</kind>
         <file>rts2800_ml.lib</file>
         <name>boot28.obj</name>
      </input_file>
      <input_file id="fl-27">
         <path>C:\ti\ccsv7\tools\compiler\ti-cgt-c2000_16.9.1.LTS\lib\</path>
         <kind>archive</kind>
         <file>rts2800_ml.lib</file>
         <name>cpy_tbl.obj</name>
      </input_file>
      <input_file id="fl-28">
         <path>C:\ti\ccsv7\tools\compiler\ti-cgt-c2000_16.9.1.LTS\lib\</path>
         <kind>archive</kind>
         <file>rts2800_ml.lib</file>
         <name>exit.obj</name>
      </input_file>
      <input_file id="fl-29">
         <path>C:\ti\ccsv7\tools\compiler\ti-cgt-c2000_16.9.1.LTS\lib\</path>
         <kind>archive</kind>
         <file>rts2800_ml.lib</file>
         <name>fs_mpy28.obj</name>
      </input_file>
      <input_file id="fl-2a">
         <path>C:\ti\ccsv7\tools\compiler\ti-cgt-c2000_16.9.1.LTS\lib\</path>
         <kind>archive</kind>
         <file>rts2800_ml.lib</file>
         <name>fs_tol28.obj</name>
      </input_file>
      <input_file id="fl-2b">
         <path>C:\ti\ccsv7\tools\compiler\ti-cgt-c2000_16.9.1.LTS\lib\</path>
         <kind>archive</kind>
         <file>rts2800_ml.lib</file>
         <name>memcpy.obj</name>
      </input_file>
      <input_file id="fl-2c">
         <path>C:\ti\ccsv7\tools\compiler\ti-cgt-c2000_16.9.1.LTS\lib\</path>
         <kind>archive</kind>
         <file>rts2800_ml.lib</file>
         <name>pre_init.obj</name>
      </input_file>
      <input_file id="fl-2d">
         <path>C:\ti\ccsv7\tools\compiler\ti-cgt-c2000_16.9.1.LTS\lib\</path>
         <kind>archive</kind>
         <file>rts2800_ml.lib</file>
         <name>startup.obj</name>
      </input_file>
      <input_file id="fl-2e">
         <path>C:\ti\ccsv7\tools\compiler\ti-cgt-c2000_16.9.1.LTS\lib\</path>
         <kind>archive</kind>
         <file>rts2800_ml.lib</file>
         <name>_lock.obj</name>
      </input_file>
      <input_file id="fl-2f">
         <path>C:\ti\ccsv7\tools\compiler\ti-cgt-c2000_16.9.1.LTS\lib\</path>
         <kind>archive</kind>
         <file>rts2800_ml.lib</file>
         <name>args_main.obj</name>
      </input_file>
   </input_file_list>
   <object_component_list>
      <object_component id="oc-83">
         <name>PieVectTableFile</name>
         <uninitialized>true</uninitialized>
         <run_address>0xd00</run_address>
         <size>0x100</size>
         <input_file_ref idref="fl-4"/>
      </object_component>
      <object_component id="oc-56">
         <name>EmuKeyVar</name>
         <uninitialized>true</uninitialized>
         <run_address>0xd00</run_address>
         <size>0x1</size>
         <input_file_ref idref="fl-4"/>
      </object_component>
      <object_component id="oc-55">
         <name>EmuBModeVar</name>
         <uninitialized>true</uninitialized>
         <run_address>0xd01</run_address>
         <size>0x1</size>
         <input_file_ref idref="fl-4"/>
      </object_component>
      <object_component id="oc-58">
         <name>FlashCallbackVar</name>
         <uninitialized>true</uninitialized>
         <run_address>0xd02</run_address>
         <size>0x2</size>
         <input_file_ref idref="fl-4"/>
      </object_component>
      <object_component id="oc-59">
         <name>FlashScalingVar</name>
         <uninitialized>true</uninitialized>
         <run_address>0xd04</run_address>
         <size>0x2</size>
         <input_file_ref idref="fl-4"/>
      </object_component>
      <object_component id="oc-5b">
         <name>DevEmuRegsFile</name>
         <uninitialized>true</uninitialized>
         <run_address>0x880</run_address>
         <size>0x4</size>
         <input_file_ref idref="fl-4"/>
      </object_component>
      <object_component id="oc-5a">
         <name>SysPwrCtrlRegsFile</name>
         <uninitialized>true</uninitialized>
         <run_address>0x985</run_address>
         <size>0x3</size>
         <input_file_ref idref="fl-4"/>
      </object_component>
      <object_component id="oc-5c">
         <name>FlashRegsFile</name>
         <uninitialized>true</uninitialized>
         <run_address>0xa80</run_address>
         <size>0x8</size>
         <input_file_ref idref="fl-4"/>
      </object_component>
      <object_component id="oc-67">
         <name>CsmRegsFile</name>
         <uninitialized>true</uninitialized>
         <run_address>0xae0</run_address>
         <size>0x10</size>
         <input_file_ref idref="fl-4"/>
      </object_component>
      <object_component id="oc-71">
         <name>AdcResultFile</name>
         <uninitialized>true</uninitialized>
         <run_address>0xb00</run_address>
         <size>0x20</size>
         <input_file_ref idref="fl-4"/>
      </object_component>
      <object_component id="oc-5f">
         <name>CpuTimer0RegsFile</name>
         <uninitialized>true</uninitialized>
         <run_address>0xc00</run_address>
         <size>0x8</size>
         <input_file_ref idref="fl-4"/>
      </object_component>
      <object_component id="oc-5e">
         <name>CpuTimer1RegsFile</name>
         <uninitialized>true</uninitialized>
         <run_address>0xc08</run_address>
         <size>0x8</size>
         <input_file_ref idref="fl-4"/>
      </object_component>
      <object_component id="oc-60">
         <name>CpuTimer2RegsFile</name>
         <uninitialized>true</uninitialized>
         <run_address>0xc10</run_address>
         <size>0x8</size>
         <input_file_ref idref="fl-4"/>
      </object_component>
      <object_component id="oc-6b">
         <name>PieCtrlRegsFile</name>
         <uninitialized>true</uninitialized>
         <run_address>0xce0</run_address>
         <size>0x1a</size>
         <input_file_ref idref="fl-4"/>
      </object_component>
      <object_component id="oc-75">
         <name>Cla1RegsFile</name>
         <uninitialized>true</uninitialized>
         <run_address>0x1400</run_address>
         <size>0x40</size>
         <input_file_ref idref="fl-4"/>
      </object_component>
      <object_component id="oc-73">
         <name>ECanaRegsFile</name>
         <uninitialized>true</uninitialized>
         <run_address>0x6000</run_address>
         <size>0x34</size>
         <input_file_ref idref="fl-4"/>
      </object_component>
      <object_component id="oc-78">
         <name>ECanaLAMRegsFile</name>
         <uninitialized>true</uninitialized>
         <run_address>0x6040</run_address>
         <size>0x40</size>
         <input_file_ref idref="fl-4"/>
      </object_component>
      <object_component id="oc-84">
         <name>ECanaMboxesFile</name>
         <uninitialized>true</uninitialized>
         <run_address>0x6100</run_address>
         <size>0x100</size>
         <input_file_ref idref="fl-4"/>
      </object_component>
      <object_component id="oc-77">
         <name>ECanaMOTSRegsFile</name>
         <uninitialized>true</uninitialized>
         <run_address>0x6080</run_address>
         <size>0x40</size>
         <input_file_ref idref="fl-4"/>
      </object_component>
      <object_component id="oc-80">
         <name>ECanaMOTORegsFile</name>
         <uninitialized>true</uninitialized>
         <run_address>0x60c0</run_address>
         <size>0x40</size>
         <input_file_ref idref="fl-4"/>
      </object_component>
      <object_component id="oc-70">
         <name>ECap1RegsFile</name>
         <uninitialized>true</uninitialized>
         <run_address>0x6a00</run_address>
         <size>0x20</size>
         <input_file_ref idref="fl-4"/>
      </object_component>
      <object_component id="oc-6f">
         <name>HRCap1RegsFile</name>
         <uninitialized>true</uninitialized>
         <run_address>0x6ac0</run_address>
         <size>0x20</size>
         <input_file_ref idref="fl-4"/>
      </object_component>
      <object_component id="oc-6e">
         <name>HRCap2RegsFile</name>
         <uninitialized>true</uninitialized>
         <run_address>0x6ae0</run_address>
         <size>0x20</size>
         <input_file_ref idref="fl-4"/>
      </object_component>
      <object_component id="oc-7d">
         <name>EQep1RegsFile</name>
         <uninitialized>true</uninitialized>
         <run_address>0x6b00</run_address>
         <size>0x40</size>
         <input_file_ref idref="fl-4"/>
      </object_component>
      <object_component id="oc-81">
         <name>LinaRegsFile</name>
         <uninitialized>true</uninitialized>
         <run_address>0x6c00</run_address>
         <size>0x4a</size>
         <input_file_ref idref="fl-4"/>
      </object_component>
      <object_component id="oc-7c">
         <name>GpioCtrlRegsFile</name>
         <uninitialized>true</uninitialized>
         <run_address>0x6f80</run_address>
         <size>0x40</size>
         <input_file_ref idref="fl-4"/>
      </object_component>
      <object_component id="oc-6d">
         <name>GpioDataRegsFile</name>
         <uninitialized>true</uninitialized>
         <run_address>0x6fc0</run_address>
         <size>0x20</size>
         <input_file_ref idref="fl-4"/>
      </object_component>
      <object_component id="oc-61">
         <name>GpioIntRegsFile</name>
         <uninitialized>true</uninitialized>
         <run_address>0x6fe0</run_address>
         <size>0xc</size>
         <input_file_ref idref="fl-4"/>
      </object_component>
      <object_component id="oc-6c">
         <name>SysCtrlRegsFile</name>
         <uninitialized>true</uninitialized>
         <run_address>0x7010</run_address>
         <size>0x20</size>
         <input_file_ref idref="fl-4"/>
      </object_component>
      <object_component id="oc-62">
         <name>SpiaRegsFile</name>
         <uninitialized>true</uninitialized>
         <run_address>0x7040</run_address>
         <size>0x10</size>
         <input_file_ref idref="fl-4"/>
      </object_component>
      <object_component id="oc-63">
         <name>SpibRegsFile</name>
         <uninitialized>true</uninitialized>
         <run_address>0x7740</run_address>
         <size>0x10</size>
         <input_file_ref idref="fl-4"/>
      </object_component>
      <object_component id="oc-65">
         <name>SciaRegsFile</name>
         <uninitialized>true</uninitialized>
         <run_address>0x7050</run_address>
         <size>0x10</size>
         <input_file_ref idref="fl-4"/>
      </object_component>
      <object_component id="oc-64">
         <name>NmiIntruptRegsFile</name>
         <uninitialized>true</uninitialized>
         <run_address>0x7060</run_address>
         <size>0x10</size>
         <input_file_ref idref="fl-4"/>
      </object_component>
      <object_component id="oc-66">
         <name>XIntruptRegsFile</name>
         <uninitialized>true</uninitialized>
         <run_address>0x7070</run_address>
         <size>0x10</size>
         <input_file_ref idref="fl-4"/>
      </object_component>
      <object_component id="oc-82">
         <name>AdcRegsFile</name>
         <uninitialized>true</uninitialized>
         <run_address>0x7100</run_address>
         <size>0x50</size>
         <input_file_ref idref="fl-4"/>
      </object_component>
      <object_component id="oc-72">
         <name>I2caRegsFile</name>
         <uninitialized>true</uninitialized>
         <run_address>0x7900</run_address>
         <size>0x22</size>
         <input_file_ref idref="fl-4"/>
      </object_component>
      <object_component id="oc-68">
         <name>Comp1RegsFile</name>
         <uninitialized>true</uninitialized>
         <run_address>0x6400</run_address>
         <size>0x14</size>
         <input_file_ref idref="fl-4"/>
      </object_component>
      <object_component id="oc-69">
         <name>Comp2RegsFile</name>
         <uninitialized>true</uninitialized>
         <run_address>0x6420</run_address>
         <size>0x14</size>
         <input_file_ref idref="fl-4"/>
      </object_component>
      <object_component id="oc-6a">
         <name>Comp3RegsFile</name>
         <uninitialized>true</uninitialized>
         <run_address>0x6440</run_address>
         <size>0x14</size>
         <input_file_ref idref="fl-4"/>
      </object_component>
      <object_component id="oc-74">
         <name>EPwm1RegsFile</name>
         <uninitialized>true</uninitialized>
         <run_address>0x6800</run_address>
         <size>0x40</size>
         <input_file_ref idref="fl-4"/>
      </object_component>
      <object_component id="oc-76">
         <name>EPwm2RegsFile</name>
         <uninitialized>true</uninitialized>
         <run_address>0x6840</run_address>
         <size>0x40</size>
         <input_file_ref idref="fl-4"/>
      </object_component>
      <object_component id="oc-79">
         <name>EPwm3RegsFile</name>
         <uninitialized>true</uninitialized>
         <run_address>0x6880</run_address>
         <size>0x40</size>
         <input_file_ref idref="fl-4"/>
      </object_component>
      <object_component id="oc-7e">
         <name>EPwm4RegsFile</name>
         <uninitialized>true</uninitialized>
         <run_address>0x68c0</run_address>
         <size>0x40</size>
         <input_file_ref idref="fl-4"/>
      </object_component>
      <object_component id="oc-7f">
         <name>EPwm5RegsFile</name>
         <uninitialized>true</uninitialized>
         <run_address>0x6900</run_address>
         <size>0x40</size>
         <input_file_ref idref="fl-4"/>
      </object_component>
      <object_component id="oc-7b">
         <name>EPwm6RegsFile</name>
         <uninitialized>true</uninitialized>
         <run_address>0x6940</run_address>
         <size>0x40</size>
         <input_file_ref idref="fl-4"/>
      </object_component>
      <object_component id="oc-7a">
         <name>EPwm7RegsFile</name>
         <uninitialized>true</uninitialized>
         <run_address>0x6980</run_address>
         <size>0x40</size>
         <input_file_ref idref="fl-4"/>
      </object_component>
      <object_component id="oc-5d">
         <name>CsmPwlFile</name>
         <uninitialized>true</uninitialized>
         <run_address>0x3f7ff8</run_address>
         <size>0x8</size>
         <input_file_ref idref="fl-4"/>
      </object_component>
      <object_component id="oc-57">
         <name>PartIdRegsFile</name>
         <uninitialized>true</uninitialized>
         <run_address>0x3d7e80</run_address>
         <size>0x1</size>
         <input_file_ref idref="fl-4"/>
      </object_component>
      <object_component id="oc-96">
         <name>codestart</name>
         <load_address>0x3f7ff6</load_address>
         <run_address>0x3f7ff6</run_address>
         <size>0x2</size>
         <input_file_ref idref="fl-8"/>
      </object_component>
      <object_component id="oc-45">
         <name>.InitBoot</name>
         <load_address>0x3f6928</load_address>
         <run_address>0x3f6928</run_address>
         <size>0x26</size>
         <input_file_ref idref="fl-a"/>
      </object_component>
      <object_component id="oc-a5">
         <name>.InitBoot</name>
         <load_address>0x3f694e</load_address>
         <run_address>0x3f694e</run_address>
         <size>0xe</size>
         <input_file_ref idref="fl-b"/>
      </object_component>
      <object_component id="oc-b8">
         <name>.appDesc</name>
         <uninitialized>true</uninitialized>
         <run_address>0x3e8000</run_address>
         <size>0x6</size>
         <input_file_ref idref="fl-e"/>
      </object_component>
      <object_component id="oc-b9">
         <name>.loaderDesc</name>
         <load_address>0x3f6000</load_address>
         <run_address>0x3f6000</run_address>
         <size>0x6</size>
         <input_file_ref idref="fl-e"/>
      </object_component>
      <object_component id="oc-4f">
         <name>.text:retain</name>
         <load_address>0x3f6225</load_address>
         <run_address>0x3f6225</run_address>
         <size>0x1b4</size>
         <input_file_ref idref="fl-3"/>
      </object_component>
      <object_component id="oc-111">
         <name>.text</name>
         <load_address>0x3f63d9</load_address>
         <run_address>0x3f63d9</run_address>
         <size>0x144</size>
         <input_file_ref idref="fl-7"/>
      </object_component>
      <object_component id="oc-114">
         <name>.text</name>
         <load_address>0x3f651d</load_address>
         <run_address>0x3f651d</run_address>
         <size>0x73</size>
         <input_file_ref idref="fl-2"/>
      </object_component>
      <object_component id="oc-10e">
         <name>.text</name>
         <load_address>0x3f6590</load_address>
         <run_address>0x3f6590</run_address>
         <size>0x5a</size>
         <input_file_ref idref="fl-10"/>
      </object_component>
      <object_component id="oc-e3">
         <name>.text</name>
         <load_address>0x3f65ea</load_address>
         <run_address>0x3f65ea</run_address>
         <size>0x5a</size>
         <input_file_ref idref="fl-29"/>
      </object_component>
      <object_component id="oc-d0">
         <name>.text</name>
         <load_address>0x3f6644</load_address>
         <run_address>0x3f6644</run_address>
         <size>0x54</size>
         <input_file_ref idref="fl-26"/>
      </object_component>
      <object_component id="oc-10c">
         <name>.text</name>
         <load_address>0x3f6698</load_address>
         <run_address>0x3f6698</run_address>
         <size>0x3c</size>
         <input_file_ref idref="fl-f"/>
      </object_component>
      <object_component id="oc-10b">
         <name>.text</name>
         <load_address>0x3f66d4</load_address>
         <run_address>0x3f66d4</run_address>
         <size>0x29</size>
         <input_file_ref idref="fl-28"/>
      </object_component>
      <object_component id="oc-e8">
         <name>.text</name>
         <load_address>0x3f66fd</load_address>
         <run_address>0x3f66fd</run_address>
         <size>0x29</size>
         <input_file_ref idref="fl-2a"/>
      </object_component>
      <object_component id="oc-112">
         <name>.text</name>
         <load_address>0x3f6726</load_address>
         <run_address>0x3f6726</run_address>
         <size>0x28</size>
         <input_file_ref idref="fl-5"/>
      </object_component>
      <object_component id="oc-11a">
         <name>.text</name>
         <load_address>0x3f674e</load_address>
         <run_address>0x3f674e</run_address>
         <size>0x27</size>
         <input_file_ref idref="fl-c"/>
      </object_component>
      <object_component id="oc-113">
         <name>.text</name>
         <load_address>0x3f6775</load_address>
         <run_address>0x3f6775</run_address>
         <size>0x26</size>
         <input_file_ref idref="fl-6"/>
      </object_component>
      <object_component id="oc-108">
         <name>.text</name>
         <load_address>0x3f679b</load_address>
         <run_address>0x3f679b</run_address>
         <size>0x24</size>
         <input_file_ref idref="fl-27"/>
      </object_component>
      <object_component id="oc-106">
         <name>.text</name>
         <load_address>0x3f67bf</load_address>
         <run_address>0x3f67bf</run_address>
         <size>0x1e</size>
         <input_file_ref idref="fl-e"/>
      </object_component>
      <object_component id="oc-10d">
         <name>.text</name>
         <load_address>0x3f67dd</load_address>
         <run_address>0x3f67dd</run_address>
         <size>0x1d</size>
         <input_file_ref idref="fl-2b"/>
      </object_component>
      <object_component id="oc-10a">
         <name>.text</name>
         <load_address>0x3f67fa</load_address>
         <run_address>0x3f67fa</run_address>
         <size>0x19</size>
         <input_file_ref idref="fl-2f"/>
      </object_component>
      <object_component id="oc-117">
         <name>.text</name>
         <load_address>0x3f6813</load_address>
         <run_address>0x3f6813</run_address>
         <size>0x9</size>
         <input_file_ref idref="fl-2e"/>
      </object_component>
      <object_component id="oc-95">
         <name>.text</name>
         <load_address>0x3f681c</load_address>
         <run_address>0x3f681c</run_address>
         <size>0x8</size>
         <input_file_ref idref="fl-8"/>
      </object_component>
      <object_component id="oc-107">
         <name>.text</name>
         <load_address>0x3f6824</load_address>
         <run_address>0x3f6824</run_address>
         <size>0x2</size>
         <input_file_ref idref="fl-2c"/>
      </object_component>
      <object_component id="oc-109">
         <name>.text</name>
         <load_address>0x3f6826</load_address>
         <run_address>0x3f6826</run_address>
         <size>0x1</size>
         <input_file_ref idref="fl-2d"/>
      </object_component>
      <object_component id="oc-dd">
         <name>.cinit</name>
         <load_address>0x3f695c</load_address>
         <run_address>0x3f695c</run_address>
         <size>0xe</size>
         <input_file_ref idref="fl-28"/>
      </object_component>
      <object_component id="oc-110">
         <name>.cinit:__lock</name>
         <load_address>0x3f696a</load_address>
         <run_address>0x3f696a</run_address>
         <size>0x5</size>
         <input_file_ref idref="fl-2e"/>
      </object_component>
      <object_component id="oc-118">
         <name>.cinit:__unlock</name>
         <load_address>0x3f696f</load_address>
         <run_address>0x3f696f</run_address>
         <size>0x5</size>
         <input_file_ref idref="fl-2e"/>
      </object_component>
      <object_component id="oc-b1">
         <name>.cinit</name>
         <load_address>0x3f6974</load_address>
         <run_address>0x3f6974</run_address>
         <size>0x4</size>
         <input_file_ref idref="fl-d"/>
      </object_component>
      <object_component id="oc-11b">
         <name>ramfuncs</name>
         <load_address>0x3f6008</load_address>
         <run_address>0x8000</run_address>
         <size>0x16a</size>
         <input_file_ref idref="fl-d"/>
      </object_component>
      <object_component id="oc-116">
         <name>ramfuncs</name>
         <load_address>0x3f6172</load_address>
         <run_address>0x816a</run_address>
         <size>0x88</size>
         <input_file_ref idref="fl-c"/>
      </object_component>
      <object_component id="oc-c5">
         <name>ramfuncs:retain</name>
         <load_address>0x3f61fa</load_address>
         <run_address>0x81f2</run_address>
         <size>0x22</size>
         <input_file_ref idref="fl-10"/>
      </object_component>
      <object_component id="oc-115">
         <name>ramfuncs</name>
         <load_address>0x3f621c</load_address>
         <run_address>0x8214</run_address>
         <size>0x5</size>
         <input_file_ref idref="fl-10"/>
      </object_component>
      <object_component id="oc-9b">
         <name>ramfuncs</name>
         <load_address>0x3f6221</load_address>
         <run_address>0x8219</run_address>
         <size>0x4</size>
         <input_file_ref idref="fl-9"/>
      </object_component>
      <object_component id="oc-119">
         <name>.econst:_PieVectTableInit</name>
         <load_address>0x3f6828</load_address>
         <run_address>0x3f6828</run_address>
         <size>0x100</size>
         <input_file_ref idref="fl-6"/>
      </object_component>
      <object_component id="oc-a0">
         <name>.stack</name>
         <uninitialized>true</uninitialized>
         <run_address>0x480</run_address>
         <size>0x0</size>
         <input_file_ref idref="fl-a"/>
      </object_component>
      <object_component id="oc-a6">
         <name>.stack</name>
         <uninitialized>true</uninitialized>
         <run_address>0x480</run_address>
         <size>0x0</size>
         <input_file_ref idref="fl-b"/>
      </object_component>
      <object_component id="oc-d1">
         <name>.stack</name>
         <uninitialized>true</uninitialized>
         <run_address>0x480</run_address>
         <size>0x0</size>
         <input_file_ref idref="fl-26"/>
      </object_component>
      <object_component id="oc-169">
         <name>.stack</name>
         <uninitialized>true</uninitialized>
         <run_address>0x480</run_address>
         <size>0x0</size>
      </object_component>
      <object_component id="oc-49">
         <name>.ebss</name>
         <uninitialized>true</uninitialized>
         <run_address>0x9440</run_address>
         <size>0x18</size>
         <input_file_ref idref="fl-2"/>
      </object_component>
      <object_component id="oc-b2">
         <name>.ebss</name>
         <uninitialized>true</uninitialized>
         <run_address>0x9000</run_address>
         <size>0x440</size>
         <input_file_ref idref="fl-d"/>
      </object_component>
      <object_component id="oc-c4">
         <name>.ebss</name>
         <uninitialized>true</uninitialized>
         <run_address>0x9462</run_address>
         <size>0x2</size>
         <input_file_ref idref="fl-10"/>
      </object_component>
      <object_component id="oc-de">
         <name>.ebss</name>
         <uninitialized>true</uninitialized>
         <run_address>0x9458</run_address>
         <size>0x6</size>
         <input_file_ref idref="fl-28"/>
      </object_component>
      <object_component id="oc-11c">
         <name>.ebss:__unlock</name>
         <uninitialized>true</uninitialized>
         <run_address>0x9460</run_address>
         <size>0x2</size>
         <input_file_ref idref="fl-2e"/>
      </object_component>
      <object_component id="oc-10f">
         <name>.ebss:__lock</name>
         <uninitialized>true</uninitialized>
         <run_address>0x945e</run_address>
         <size>0x2</size>
         <input_file_ref idref="fl-2e"/>
      </object_component>
      <object_component id="oc-d2">
         <name>.reset</name>
         <load_address>0x3fffc0</load_address>
         <run_address>0x3fffc0</run_address>
         <size>0x2</size>
         <input_file_ref idref="fl-26"/>
      </object_component>
      <object_component id="oc-48">
         <name>.debug_info</name>
         <load_address>0x0</load_address>
         <run_address>0x0</run_address>
         <size>0xa80</size>
         <input_file_ref idref="fl-2"/>
      </object_component>
      <object_component id="oc-4e">
         <name>.debug_info</name>
         <load_address>0xa80</load_address>
         <run_address>0xa80</run_address>
         <size>0x4fab</size>
         <input_file_ref idref="fl-3"/>
      </object_component>
      <object_component id="oc-54">
         <name>.debug_info</name>
         <load_address>0x5a2b</load_address>
         <run_address>0x5a2b</run_address>
         <size>0x14033</size>
         <input_file_ref idref="fl-4"/>
      </object_component>
      <object_component id="oc-86">
         <name>.debug_info</name>
         <load_address>0x19a5e</load_address>
         <run_address>0x19a5e</run_address>
         <size>0xc10</size>
         <input_file_ref idref="fl-5"/>
      </object_component>
      <object_component id="oc-8b">
         <name>.debug_info</name>
         <load_address>0x1a66e</load_address>
         <run_address>0x1a66e</run_address>
         <size>0x23e2</size>
         <input_file_ref idref="fl-6"/>
      </object_component>
      <object_component id="oc-90">
         <name>.debug_info</name>
         <load_address>0x1ca50</load_address>
         <run_address>0x1ca50</run_address>
         <size>0x2544</size>
         <input_file_ref idref="fl-7"/>
      </object_component>
      <object_component id="oc-97">
         <name>.debug_info</name>
         <load_address>0x1ef94</load_address>
         <run_address>0x1ef94</run_address>
         <size>0x164</size>
         <input_file_ref idref="fl-8"/>
      </object_component>
      <object_component id="oc-9c">
         <name>.debug_info</name>
         <load_address>0x1f0f8</load_address>
         <run_address>0x1f0f8</run_address>
         <size>0x19f</size>
         <input_file_ref idref="fl-9"/>
      </object_component>
      <object_component id="oc-a1">
         <name>.debug_info</name>
         <load_address>0x1f297</load_address>
         <run_address>0x1f297</run_address>
         <size>0x122</size>
         <input_file_ref idref="fl-a"/>
      </object_component>
      <object_component id="oc-a7">
         <name>.debug_info</name>
         <load_address>0x1f3b9</load_address>
         <run_address>0x1f3b9</run_address>
         <size>0x123</size>
         <input_file_ref idref="fl-b"/>
      </object_component>
      <object_component id="oc-ab">
         <name>.debug_info</name>
         <load_address>0x1f4dc</load_address>
         <run_address>0x1f4dc</run_address>
         <size>0x3707</size>
         <input_file_ref idref="fl-c"/>
      </object_component>
      <object_component id="oc-b0">
         <name>.debug_info</name>
         <load_address>0x22be3</load_address>
         <run_address>0x22be3</run_address>
         <size>0x19c1</size>
         <input_file_ref idref="fl-d"/>
      </object_component>
      <object_component id="oc-b7">
         <name>.debug_info</name>
         <load_address>0x245a4</load_address>
         <run_address>0x245a4</run_address>
         <size>0x5c4</size>
         <input_file_ref idref="fl-e"/>
      </object_component>
      <object_component id="oc-be">
         <name>.debug_info</name>
         <load_address>0x24b68</load_address>
         <run_address>0x24b68</run_address>
         <size>0x54b</size>
         <input_file_ref idref="fl-f"/>
      </object_component>
      <object_component id="oc-c3">
         <name>.debug_info</name>
         <load_address>0x250b3</load_address>
         <run_address>0x250b3</run_address>
         <size>0x2149</size>
         <input_file_ref idref="fl-10"/>
      </object_component>
      <object_component id="oc-cb">
         <name>.debug_info</name>
         <load_address>0x271fc</load_address>
         <run_address>0x271fc</run_address>
         <size>0xab</size>
         <input_file_ref idref="fl-17"/>
      </object_component>
      <object_component id="oc-ce">
         <name>.debug_info</name>
         <load_address>0x272a7</load_address>
         <run_address>0x272a7</run_address>
         <size>0xad</size>
         <input_file_ref idref="fl-18"/>
      </object_component>
      <object_component id="oc-d3">
         <name>.debug_info</name>
         <load_address>0x27354</load_address>
         <run_address>0x27354</run_address>
         <size>0x16b</size>
         <input_file_ref idref="fl-26"/>
      </object_component>
      <object_component id="oc-d7">
         <name>.debug_info</name>
         <load_address>0x274bf</load_address>
         <run_address>0x274bf</run_address>
         <size>0x50f</size>
         <input_file_ref idref="fl-27"/>
      </object_component>
      <object_component id="oc-dc">
         <name>.debug_info</name>
         <load_address>0x279ce</load_address>
         <run_address>0x279ce</run_address>
         <size>0x4f9</size>
         <input_file_ref idref="fl-28"/>
      </object_component>
      <object_component id="oc-e4">
         <name>.debug_info</name>
         <load_address>0x27ec7</load_address>
         <run_address>0x27ec7</run_address>
         <size>0x10c</size>
         <input_file_ref idref="fl-29"/>
      </object_component>
      <object_component id="oc-e9">
         <name>.debug_info</name>
         <load_address>0x27fd3</load_address>
         <run_address>0x27fd3</run_address>
         <size>0x118</size>
         <input_file_ref idref="fl-2a"/>
      </object_component>
      <object_component id="oc-ed">
         <name>.debug_info</name>
         <load_address>0x280eb</load_address>
         <run_address>0x280eb</run_address>
         <size>0x3bd</size>
         <input_file_ref idref="fl-2b"/>
      </object_component>
      <object_component id="oc-f2">
         <name>.debug_info</name>
         <load_address>0x284a8</load_address>
         <run_address>0x284a8</run_address>
         <size>0x330</size>
         <input_file_ref idref="fl-2c"/>
      </object_component>
      <object_component id="oc-f7">
         <name>.debug_info</name>
         <load_address>0x287d8</load_address>
         <run_address>0x287d8</run_address>
         <size>0x32d</size>
         <input_file_ref idref="fl-2d"/>
      </object_component>
      <object_component id="oc-fc">
         <name>.debug_info</name>
         <load_address>0x28b05</load_address>
         <run_address>0x28b05</run_address>
         <size>0x44f</size>
         <input_file_ref idref="fl-2e"/>
      </object_component>
      <object_component id="oc-101">
         <name>.debug_info</name>
         <load_address>0x28f54</load_address>
         <run_address>0x28f54</run_address>
         <size>0x41c</size>
         <input_file_ref idref="fl-2f"/>
      </object_component>
      <object_component id="oc-16a">
         <name>.debug_info</name>
         <load_address>0x29370</load_address>
         <run_address>0x29370</run_address>
         <size>0xd4</size>
      </object_component>
      <object_component id="oc-4a">
         <name>.debug_frame</name>
         <load_address>0x0</load_address>
         <run_address>0x0</run_address>
         <size>0x4f</size>
         <input_file_ref idref="fl-2"/>
      </object_component>
      <object_component id="oc-50">
         <name>.debug_frame</name>
         <load_address>0x4f</load_address>
         <run_address>0x4f</run_address>
         <size>0x741</size>
         <input_file_ref idref="fl-3"/>
      </object_component>
      <object_component id="oc-87">
         <name>.debug_frame</name>
         <load_address>0x790</load_address>
         <run_address>0x790</run_address>
         <size>0x48</size>
         <input_file_ref idref="fl-5"/>
      </object_component>
      <object_component id="oc-8c">
         <name>.debug_frame</name>
         <load_address>0x7d8</load_address>
         <run_address>0x7d8</run_address>
         <size>0x39</size>
         <input_file_ref idref="fl-6"/>
      </object_component>
      <object_component id="oc-91">
         <name>.debug_frame</name>
         <load_address>0x811</load_address>
         <run_address>0x811</run_address>
         <size>0xfd</size>
         <input_file_ref idref="fl-7"/>
      </object_component>
      <object_component id="oc-ac">
         <name>.debug_frame</name>
         <load_address>0x90e</load_address>
         <run_address>0x90e</run_address>
         <size>0xb4</size>
         <input_file_ref idref="fl-c"/>
      </object_component>
      <object_component id="oc-b3">
         <name>.debug_frame</name>
         <load_address>0x9c2</load_address>
         <run_address>0x9c2</run_address>
         <size>0xb6</size>
         <input_file_ref idref="fl-d"/>
      </object_component>
      <object_component id="oc-ba">
         <name>.debug_frame</name>
         <load_address>0xa78</load_address>
         <run_address>0xa78</run_address>
         <size>0x72</size>
         <input_file_ref idref="fl-e"/>
      </object_component>
      <object_component id="oc-bf">
         <name>.debug_frame</name>
         <load_address>0xaea</load_address>
         <run_address>0xaea</run_address>
         <size>0x54</size>
         <input_file_ref idref="fl-f"/>
      </object_component>
      <object_component id="oc-c6">
         <name>.debug_frame</name>
         <load_address>0xb3e</load_address>
         <run_address>0xb3e</run_address>
         <size>0xbc</size>
         <input_file_ref idref="fl-10"/>
      </object_component>
      <object_component id="oc-d8">
         <name>.debug_frame</name>
         <load_address>0xbfa</load_address>
         <run_address>0xbfa</run_address>
         <size>0x54</size>
         <input_file_ref idref="fl-27"/>
      </object_component>
      <object_component id="oc-df">
         <name>.debug_frame</name>
         <load_address>0xc4e</load_address>
         <run_address>0xc4e</run_address>
         <size>0x51</size>
         <input_file_ref idref="fl-28"/>
      </object_component>
      <object_component id="oc-ee">
         <name>.debug_frame</name>
         <load_address>0xc9f</load_address>
         <run_address>0xc9f</run_address>
         <size>0x33</size>
         <input_file_ref idref="fl-2b"/>
      </object_component>
      <object_component id="oc-f3">
         <name>.debug_frame</name>
         <load_address>0xcd2</load_address>
         <run_address>0xcd2</run_address>
         <size>0x33</size>
         <input_file_ref idref="fl-2c"/>
      </object_component>
      <object_component id="oc-f8">
         <name>.debug_frame</name>
         <load_address>0xd05</load_address>
         <run_address>0xd05</run_address>
         <size>0x33</size>
         <input_file_ref idref="fl-2d"/>
      </object_component>
      <object_component id="oc-fd">
         <name>.debug_frame</name>
         <load_address>0xd38</load_address>
         <run_address>0xd38</run_address>
         <size>0x5d</size>
         <input_file_ref idref="fl-2e"/>
      </object_component>
      <object_component id="oc-102">
         <name>.debug_frame</name>
         <load_address>0xd95</load_address>
         <run_address>0xd95</run_address>
         <size>0x33</size>
         <input_file_ref idref="fl-2f"/>
      </object_component>
      <object_component id="oc-4b">
         <name>.debug_line</name>
         <load_address>0x0</load_address>
         <run_address>0x0</run_address>
         <size>0xca</size>
         <input_file_ref idref="fl-2"/>
      </object_component>
      <object_component id="oc-51">
         <name>.debug_line</name>
         <load_address>0xca</load_address>
         <run_address>0xca</run_address>
         <size>0x83f</size>
         <input_file_ref idref="fl-3"/>
      </object_component>
      <object_component id="oc-88">
         <name>.debug_line</name>
         <load_address>0x909</load_address>
         <run_address>0x909</run_address>
         <size>0xc8</size>
         <input_file_ref idref="fl-5"/>
      </object_component>
      <object_component id="oc-8d">
         <name>.debug_line</name>
         <load_address>0x9d1</load_address>
         <run_address>0x9d1</run_address>
         <size>0xac</size>
         <input_file_ref idref="fl-6"/>
      </object_component>
      <object_component id="oc-92">
         <name>.debug_line</name>
         <load_address>0xa7d</load_address>
         <run_address>0xa7d</run_address>
         <size>0x208</size>
         <input_file_ref idref="fl-7"/>
      </object_component>
      <object_component id="oc-98">
         <name>.debug_line</name>
         <load_address>0xc85</load_address>
         <run_address>0xc85</run_address>
         <size>0x67</size>
         <input_file_ref idref="fl-8"/>
      </object_component>
      <object_component id="oc-9d">
         <name>.debug_line</name>
         <load_address>0xcec</load_address>
         <run_address>0xcec</run_address>
         <size>0x8a</size>
         <input_file_ref idref="fl-9"/>
      </object_component>
      <object_component id="oc-a2">
         <name>.debug_line</name>
         <load_address>0xd76</load_address>
         <run_address>0xd76</run_address>
         <size>0x5d</size>
         <input_file_ref idref="fl-a"/>
      </object_component>
      <object_component id="oc-a8">
         <name>.debug_line</name>
         <load_address>0xdd3</load_address>
         <run_address>0xdd3</run_address>
         <size>0x4d</size>
         <input_file_ref idref="fl-b"/>
      </object_component>
      <object_component id="oc-ad">
         <name>.debug_line</name>
         <load_address>0xe20</load_address>
         <run_address>0xe20</run_address>
         <size>0x133</size>
         <input_file_ref idref="fl-c"/>
      </object_component>
      <object_component id="oc-b4">
         <name>.debug_line</name>
         <load_address>0xf53</load_address>
         <run_address>0xf53</run_address>
         <size>0x226</size>
         <input_file_ref idref="fl-d"/>
      </object_component>
      <object_component id="oc-bb">
         <name>.debug_line</name>
         <load_address>0x1179</load_address>
         <run_address>0x1179</run_address>
         <size>0x9d</size>
         <input_file_ref idref="fl-e"/>
      </object_component>
      <object_component id="oc-c0">
         <name>.debug_line</name>
         <load_address>0x1216</load_address>
         <run_address>0x1216</run_address>
         <size>0x8c</size>
         <input_file_ref idref="fl-f"/>
      </object_component>
      <object_component id="oc-c7">
         <name>.debug_line</name>
         <load_address>0x12a2</load_address>
         <run_address>0x12a2</run_address>
         <size>0xc7</size>
         <input_file_ref idref="fl-10"/>
      </object_component>
      <object_component id="oc-cc">
         <name>.debug_line</name>
         <load_address>0x1369</load_address>
         <run_address>0x1369</run_address>
         <size>0x1a</size>
         <input_file_ref idref="fl-17"/>
      </object_component>
      <object_component id="oc-cf">
         <name>.debug_line</name>
         <load_address>0x1383</load_address>
         <run_address>0x1383</run_address>
         <size>0x1a</size>
         <input_file_ref idref="fl-18"/>
      </object_component>
      <object_component id="oc-d4">
         <name>.debug_line</name>
         <load_address>0x139d</load_address>
         <run_address>0x139d</run_address>
         <size>0x7d</size>
         <input_file_ref idref="fl-26"/>
      </object_component>
      <object_component id="oc-d9">
         <name>.debug_line</name>
         <load_address>0x141a</load_address>
         <run_address>0x141a</run_address>
         <size>0x50</size>
         <input_file_ref idref="fl-27"/>
      </object_component>
      <object_component id="oc-e0">
         <name>.debug_line</name>
         <load_address>0x146a</load_address>
         <run_address>0x146a</run_address>
         <size>0x65</size>
         <input_file_ref idref="fl-28"/>
      </object_component>
      <object_component id="oc-e5">
         <name>.debug_line</name>
         <load_address>0x14cf</load_address>
         <run_address>0x14cf</run_address>
         <size>0x8d</size>
         <input_file_ref idref="fl-29"/>
      </object_component>
      <object_component id="oc-ea">
         <name>.debug_line</name>
         <load_address>0x155c</load_address>
         <run_address>0x155c</run_address>
         <size>0x60</size>
         <input_file_ref idref="fl-2a"/>
      </object_component>
      <object_component id="oc-ef">
         <name>.debug_line</name>
         <load_address>0x15bc</load_address>
         <run_address>0x15bc</run_address>
         <size>0x62</size>
         <input_file_ref idref="fl-2b"/>
      </object_component>
      <object_component id="oc-f4">
         <name>.debug_line</name>
         <load_address>0x161e</load_address>
         <run_address>0x161e</run_address>
         <size>0x3e</size>
         <input_file_ref idref="fl-2c"/>
      </object_component>
      <object_component id="oc-f9">
         <name>.debug_line</name>
         <load_address>0x165c</load_address>
         <run_address>0x165c</run_address>
         <size>0x3a</size>
         <input_file_ref idref="fl-2d"/>
      </object_component>
      <object_component id="oc-fe">
         <name>.debug_line</name>
         <load_address>0x1696</load_address>
         <run_address>0x1696</run_address>
         <size>0x5e</size>
         <input_file_ref idref="fl-2e"/>
      </object_component>
      <object_component id="oc-103">
         <name>.debug_line</name>
         <load_address>0x16f4</load_address>
         <run_address>0x16f4</run_address>
         <size>0x55</size>
         <input_file_ref idref="fl-2f"/>
      </object_component>
      <object_component id="oc-4c">
         <name>.debug_abbrev</name>
         <load_address>0x0</load_address>
         <run_address>0x0</run_address>
         <size>0x10b</size>
         <input_file_ref idref="fl-2"/>
      </object_component>
      <object_component id="oc-52">
         <name>.debug_abbrev</name>
         <load_address>0x10b</load_address>
         <run_address>0x10b</run_address>
         <size>0xde</size>
         <input_file_ref idref="fl-3"/>
      </object_component>
      <object_component id="oc-85">
         <name>.debug_abbrev</name>
         <load_address>0x1e9</load_address>
         <run_address>0x1e9</run_address>
         <size>0xb7</size>
         <input_file_ref idref="fl-4"/>
      </object_component>
      <object_component id="oc-89">
         <name>.debug_abbrev</name>
         <load_address>0x2a0</load_address>
         <run_address>0x2a0</run_address>
         <size>0xc8</size>
         <input_file_ref idref="fl-5"/>
      </object_component>
      <object_component id="oc-8e">
         <name>.debug_abbrev</name>
         <load_address>0x368</load_address>
         <run_address>0x368</run_address>
         <size>0x116</size>
         <input_file_ref idref="fl-6"/>
      </object_component>
      <object_component id="oc-93">
         <name>.debug_abbrev</name>
         <load_address>0x47e</load_address>
         <run_address>0x47e</run_address>
         <size>0x1a3</size>
         <input_file_ref idref="fl-7"/>
      </object_component>
      <object_component id="oc-99">
         <name>.debug_abbrev</name>
         <load_address>0x621</load_address>
         <run_address>0x621</run_address>
         <size>0x21</size>
         <input_file_ref idref="fl-8"/>
      </object_component>
      <object_component id="oc-9e">
         <name>.debug_abbrev</name>
         <load_address>0x642</load_address>
         <run_address>0x642</run_address>
         <size>0x2f</size>
         <input_file_ref idref="fl-9"/>
      </object_component>
      <object_component id="oc-a3">
         <name>.debug_abbrev</name>
         <load_address>0x671</load_address>
         <run_address>0x671</run_address>
         <size>0x3d</size>
         <input_file_ref idref="fl-a"/>
      </object_component>
      <object_component id="oc-a9">
         <name>.debug_abbrev</name>
         <load_address>0x6ae</load_address>
         <run_address>0x6ae</run_address>
         <size>0x31</size>
         <input_file_ref idref="fl-b"/>
      </object_component>
      <object_component id="oc-ae">
         <name>.debug_abbrev</name>
         <load_address>0x6df</load_address>
         <run_address>0x6df</run_address>
         <size>0x15e</size>
         <input_file_ref idref="fl-c"/>
      </object_component>
      <object_component id="oc-b5">
         <name>.debug_abbrev</name>
         <load_address>0x83d</load_address>
         <run_address>0x83d</run_address>
         <size>0x207</size>
         <input_file_ref idref="fl-d"/>
      </object_component>
      <object_component id="oc-bc">
         <name>.debug_abbrev</name>
         <load_address>0xa44</load_address>
         <run_address>0xa44</run_address>
         <size>0x10e</size>
         <input_file_ref idref="fl-e"/>
      </object_component>
      <object_component id="oc-c1">
         <name>.debug_abbrev</name>
         <load_address>0xb52</load_address>
         <run_address>0xb52</run_address>
         <size>0xe5</size>
         <input_file_ref idref="fl-f"/>
      </object_component>
      <object_component id="oc-c8">
         <name>.debug_abbrev</name>
         <load_address>0xc37</load_address>
         <run_address>0xc37</run_address>
         <size>0x1ca</size>
         <input_file_ref idref="fl-10"/>
      </object_component>
      <object_component id="oc-ca">
         <name>.debug_abbrev</name>
         <load_address>0xe01</load_address>
         <run_address>0xe01</run_address>
         <size>0xf</size>
         <input_file_ref idref="fl-17"/>
      </object_component>
      <object_component id="oc-cd">
         <name>.debug_abbrev</name>
         <load_address>0xe10</load_address>
         <run_address>0xe10</run_address>
         <size>0xf</size>
         <input_file_ref idref="fl-18"/>
      </object_component>
      <object_component id="oc-d5">
         <name>.debug_abbrev</name>
         <load_address>0xe1f</load_address>
         <run_address>0xe1f</run_address>
         <size>0x46</size>
         <input_file_ref idref="fl-26"/>
      </object_component>
      <object_component id="oc-da">
         <name>.debug_abbrev</name>
         <load_address>0xe65</load_address>
         <run_address>0xe65</run_address>
         <size>0xfc</size>
         <input_file_ref idref="fl-27"/>
      </object_component>
      <object_component id="oc-e1">
         <name>.debug_abbrev</name>
         <load_address>0xf61</load_address>
         <run_address>0xf61</run_address>
         <size>0x142</size>
         <input_file_ref idref="fl-28"/>
      </object_component>
      <object_component id="oc-e6">
         <name>.debug_abbrev</name>
         <load_address>0x10a3</load_address>
         <run_address>0x10a3</run_address>
         <size>0x38</size>
         <input_file_ref idref="fl-29"/>
      </object_component>
      <object_component id="oc-eb">
         <name>.debug_abbrev</name>
         <load_address>0x10db</load_address>
         <run_address>0x10db</run_address>
         <size>0x38</size>
         <input_file_ref idref="fl-2a"/>
      </object_component>
      <object_component id="oc-f0">
         <name>.debug_abbrev</name>
         <load_address>0x1113</load_address>
         <run_address>0x1113</run_address>
         <size>0xa8</size>
         <input_file_ref idref="fl-2b"/>
      </object_component>
      <object_component id="oc-f5">
         <name>.debug_abbrev</name>
         <load_address>0x11bb</load_address>
         <run_address>0x11bb</run_address>
         <size>0x68</size>
         <input_file_ref idref="fl-2c"/>
      </object_component>
      <object_component id="oc-fa">
         <name>.debug_abbrev</name>
         <load_address>0x1223</load_address>
         <run_address>0x1223</run_address>
         <size>0x66</size>
         <input_file_ref idref="fl-2d"/>
      </object_component>
      <object_component id="oc-ff">
         <name>.debug_abbrev</name>
         <load_address>0x1289</load_address>
         <run_address>0x1289</run_address>
         <size>0xb2</size>
         <input_file_ref idref="fl-2e"/>
      </object_component>
      <object_component id="oc-104">
         <name>.debug_abbrev</name>
         <load_address>0x133b</load_address>
         <run_address>0x133b</run_address>
         <size>0xfe</size>
         <input_file_ref idref="fl-2f"/>
      </object_component>
      <object_component id="oc-16b">
         <name>.debug_abbrev</name>
         <load_address>0x1439</load_address>
         <run_address>0x1439</run_address>
         <size>0xf</size>
      </object_component>
      <object_component id="oc-4d">
         <name>.debug_aranges</name>
         <load_address>0x0</load_address>
         <run_address>0x0</run_address>
         <size>0x28</size>
         <input_file_ref idref="fl-2"/>
      </object_component>
      <object_component id="oc-53">
         <name>.debug_aranges</name>
         <load_address>0x28</load_address>
         <run_address>0x28</run_address>
         <size>0x2d0</size>
         <input_file_ref idref="fl-3"/>
      </object_component>
      <object_component id="oc-8a">
         <name>.debug_aranges</name>
         <load_address>0x2f8</load_address>
         <run_address>0x2f8</run_address>
         <size>0x28</size>
         <input_file_ref idref="fl-5"/>
      </object_component>
      <object_component id="oc-8f">
         <name>.debug_aranges</name>
         <load_address>0x320</load_address>
         <run_address>0x320</run_address>
         <size>0x20</size>
         <input_file_ref idref="fl-6"/>
      </object_component>
      <object_component id="oc-94">
         <name>.debug_aranges</name>
         <load_address>0x340</load_address>
         <run_address>0x340</run_address>
         <size>0x68</size>
         <input_file_ref idref="fl-7"/>
      </object_component>
      <object_component id="oc-9a">
         <name>.debug_aranges</name>
         <load_address>0x3a8</load_address>
         <run_address>0x3a8</run_address>
         <size>0x28</size>
         <input_file_ref idref="fl-8"/>
      </object_component>
      <object_component id="oc-9f">
         <name>.debug_aranges</name>
         <load_address>0x3d0</load_address>
         <run_address>0x3d0</run_address>
         <size>0x20</size>
         <input_file_ref idref="fl-9"/>
      </object_component>
      <object_component id="oc-a4">
         <name>.debug_aranges</name>
         <load_address>0x3f0</load_address>
         <run_address>0x3f0</run_address>
         <size>0x20</size>
         <input_file_ref idref="fl-a"/>
      </object_component>
      <object_component id="oc-aa">
         <name>.debug_aranges</name>
         <load_address>0x410</load_address>
         <run_address>0x410</run_address>
         <size>0x20</size>
         <input_file_ref idref="fl-b"/>
      </object_component>
      <object_component id="oc-af">
         <name>.debug_aranges</name>
         <load_address>0x430</load_address>
         <run_address>0x430</run_address>
         <size>0x48</size>
         <input_file_ref idref="fl-c"/>
      </object_component>
      <object_component id="oc-b6">
         <name>.debug_aranges</name>
         <load_address>0x478</load_address>
         <run_address>0x478</run_address>
         <size>0x48</size>
         <input_file_ref idref="fl-d"/>
      </object_component>
      <object_component id="oc-bd">
         <name>.debug_aranges</name>
         <load_address>0x4c0</load_address>
         <run_address>0x4c0</run_address>
         <size>0x38</size>
         <input_file_ref idref="fl-e"/>
      </object_component>
      <object_component id="oc-c2">
         <name>.debug_aranges</name>
         <load_address>0x4f8</load_address>
         <run_address>0x4f8</run_address>
         <size>0x28</size>
         <input_file_ref idref="fl-f"/>
      </object_component>
      <object_component id="oc-c9">
         <name>.debug_aranges</name>
         <load_address>0x520</load_address>
         <run_address>0x520</run_address>
         <size>0x38</size>
         <input_file_ref idref="fl-10"/>
      </object_component>
      <object_component id="oc-d6">
         <name>.debug_aranges</name>
         <load_address>0x558</load_address>
         <run_address>0x558</run_address>
         <size>0x20</size>
         <input_file_ref idref="fl-26"/>
      </object_component>
      <object_component id="oc-db">
         <name>.debug_aranges</name>
         <load_address>0x578</load_address>
         <run_address>0x578</run_address>
         <size>0x20</size>
         <input_file_ref idref="fl-27"/>
      </object_component>
      <object_component id="oc-e2">
         <name>.debug_aranges</name>
         <load_address>0x598</load_address>
         <run_address>0x598</run_address>
         <size>0x28</size>
         <input_file_ref idref="fl-28"/>
      </object_component>
      <object_component id="oc-e7">
         <name>.debug_aranges</name>
         <load_address>0x5c0</load_address>
         <run_address>0x5c0</run_address>
         <size>0x20</size>
         <input_file_ref idref="fl-29"/>
      </object_component>
      <object_component id="oc-ec">
         <name>.debug_aranges</name>
         <load_address>0x5e0</load_address>
         <run_address>0x5e0</run_address>
         <size>0x20</size>
         <input_file_ref idref="fl-2a"/>
      </object_component>
      <object_component id="oc-f1">
         <name>.debug_aranges</name>
         <load_address>0x600</load_address>
         <run_address>0x600</run_address>
         <size>0x20</size>
         <input_file_ref idref="fl-2b"/>
      </object_component>
      <object_component id="oc-f6">
         <name>.debug_aranges</name>
         <load_address>0x620</load_address>
         <run_address>0x620</run_address>
         <size>0x20</size>
         <input_file_ref idref="fl-2c"/>
      </object_component>
      <object_component id="oc-fb">
         <name>.debug_aranges</name>
         <load_address>0x640</load_address>
         <run_address>0x640</run_address>
         <size>0x20</size>
         <input_file_ref idref="fl-2d"/>
      </object_component>
      <object_component id="oc-100">
         <name>.debug_aranges</name>
         <load_address>0x660</load_address>
         <run_address>0x660</run_address>
         <size>0x30</size>
         <input_file_ref idref="fl-2e"/>
      </object_component>
      <object_component id="oc-105">
         <name>.debug_aranges</name>
         <load_address>0x690</load_address>
         <run_address>0x690</run_address>
         <size>0x20</size>
         <input_file_ref idref="fl-2f"/>
      </object_component>
   </object_component_list>
   <logical_group_list>
      <logical_group id="lg-3" display="no" color="cyan">
         <name>PieVectTableFile</name>
         <run_address>0xd00</run_address>
         <size>0x100</size>
         <contents>
            <object_component_ref idref="oc-83"/>
         </contents>
      </logical_group>
      <logical_group id="lg-5" display="no" color="cyan">
         <name>EmuKeyVar</name>
         <run_address>0xd00</run_address>
         <size>0x1</size>
         <contents>
            <object_component_ref idref="oc-56"/>
         </contents>
      </logical_group>
      <logical_group id="lg-6" display="no" color="cyan">
         <name>EmuBModeVar</name>
         <run_address>0xd01</run_address>
         <size>0x1</size>
         <contents>
            <object_component_ref idref="oc-55"/>
         </contents>
      </logical_group>
      <logical_group id="lg-7" display="no" color="cyan">
         <name>FlashCallbackVar</name>
         <run_address>0xd02</run_address>
         <size>0x2</size>
         <contents>
            <object_component_ref idref="oc-58"/>
         </contents>
      </logical_group>
      <logical_group id="lg-8" display="no" color="cyan">
         <name>FlashScalingVar</name>
         <run_address>0xd04</run_address>
         <size>0x2</size>
         <contents>
            <object_component_ref idref="oc-59"/>
         </contents>
      </logical_group>
      <logical_group id="lg-4" display="no" color="cyan">
         <name>GROUP_2</name>
         <run_address>0xd00</run_address>
         <size>0x6</size>
         <contents>
            <logical_group_ref idref="lg-5"/>
            <logical_group_ref idref="lg-6"/>
            <logical_group_ref idref="lg-7"/>
            <logical_group_ref idref="lg-8"/>
         </contents>
      </logical_group>
      <overlay id="lg-2" display="no" color="cyan">
         <name>UNION_1</name>
         <run_address>0xd00</run_address>
         <size>0x100</size>
         <contents>
            <logical_group_ref idref="lg-3"/>
            <logical_group_ref idref="lg-4"/>
         </contents>
      </overlay>
      <logical_group id="lg-9" display="no" color="cyan">
         <name>DevEmuRegsFile</name>
         <run_address>0x880</run_address>
         <size>0x4</size>
         <contents>
            <object_component_ref idref="oc-5b"/>
         </contents>
      </logical_group>
      <logical_group id="lg-a" display="no" color="cyan">
         <name>SysPwrCtrlRegsFile</name>
         <run_address>0x985</run_address>
         <size>0x3</size>
         <contents>
            <object_component_ref idref="oc-5a"/>
         </contents>
      </logical_group>
      <logical_group id="lg-b" display="no" color="cyan">
         <name>FlashRegsFile</name>
         <run_address>0xa80</run_address>
         <size>0x8</size>
         <contents>
            <object_component_ref idref="oc-5c"/>
         </contents>
      </logical_group>
      <logical_group id="lg-c" display="no" color="cyan">
         <name>CsmRegsFile</name>
         <run_address>0xae0</run_address>
         <size>0x10</size>
         <contents>
            <object_component_ref idref="oc-67"/>
         </contents>
      </logical_group>
      <logical_group id="lg-d" display="no" color="cyan">
         <name>AdcResultFile</name>
         <run_address>0xb00</run_address>
         <size>0x20</size>
         <contents>
            <object_component_ref idref="oc-71"/>
         </contents>
      </logical_group>
      <logical_group id="lg-e" display="no" color="cyan">
         <name>CpuTimer0RegsFile</name>
         <run_address>0xc00</run_address>
         <size>0x8</size>
         <contents>
            <object_component_ref idref="oc-5f"/>
         </contents>
      </logical_group>
      <logical_group id="lg-f" display="no" color="cyan">
         <name>CpuTimer1RegsFile</name>
         <run_address>0xc08</run_address>
         <size>0x8</size>
         <contents>
            <object_component_ref idref="oc-5e"/>
         </contents>
      </logical_group>
      <logical_group id="lg-10" display="no" color="cyan">
         <name>CpuTimer2RegsFile</name>
         <run_address>0xc10</run_address>
         <size>0x8</size>
         <contents>
            <object_component_ref idref="oc-60"/>
         </contents>
      </logical_group>
      <logical_group id="lg-11" display="no" color="cyan">
         <name>PieCtrlRegsFile</name>
         <run_address>0xce0</run_address>
         <size>0x1a</size>
         <contents>
            <object_component_ref idref="oc-6b"/>
         </contents>
      </logical_group>
      <logical_group id="lg-12" display="no" color="cyan">
         <name>Cla1RegsFile</name>
         <run_address>0x1400</run_address>
         <size>0x40</size>
         <contents>
            <object_component_ref idref="oc-75"/>
         </contents>
      </logical_group>
      <logical_group id="lg-13" display="no" color="cyan">
         <name>ECanaRegsFile</name>
         <run_address>0x6000</run_address>
         <size>0x34</size>
         <contents>
            <object_component_ref idref="oc-73"/>
         </contents>
      </logical_group>
      <logical_group id="lg-14" display="no" color="cyan">
         <name>ECanaLAMRegsFile</name>
         <run_address>0x6040</run_address>
         <size>0x40</size>
         <contents>
            <object_component_ref idref="oc-78"/>
         </contents>
      </logical_group>
      <logical_group id="lg-15" display="no" color="cyan">
         <name>ECanaMboxesFile</name>
         <run_address>0x6100</run_address>
         <size>0x100</size>
         <contents>
            <object_component_ref idref="oc-84"/>
         </contents>
      </logical_group>
      <logical_group id="lg-16" display="no" color="cyan">
         <name>ECanaMOTSRegsFile</name>
         <run_address>0x6080</run_address>
         <size>0x40</size>
         <contents>
            <object_component_ref idref="oc-77"/>
         </contents>
      </logical_group>
      <logical_group id="lg-17" display="no" color="cyan">
         <name>ECanaMOTORegsFile</name>
         <run_address>0x60c0</run_address>
         <size>0x40</size>
         <contents>
            <object_component_ref idref="oc-80"/>
         </contents>
      </logical_group>
      <logical_group id="lg-18" display="no" color="cyan">
         <name>ECap1RegsFile</name>
         <run_address>0x6a00</run_address>
         <size>0x20</size>
         <contents>
            <object_component_ref idref="oc-70"/>
         </contents>
      </logical_group>
      <logical_group id="lg-19" display="no" color="cyan">
         <name>HRCap1RegsFile</name>
         <run_address>0x6ac0</run_address>
         <size>0x20</size>
         <contents>
            <object_component_ref idref="oc-6f"/>
         </contents>
      </logical_group>
      <logical_group id="lg-1a" display="no" color="cyan">
         <name>HRCap2RegsFile</name>
         <run_address>0x6ae0</run_address>
         <size>0x20</size>
         <contents>
            <object_component_ref idref="oc-6e"/>
         </contents>
      </logical_group>
      <logical_group id="lg-1b" display="no" color="cyan">
         <name>EQep1RegsFile</name>
         <run_address>0x6b00</run_address>
         <size>0x40</size>
         <contents>
            <object_component_ref idref="oc-7d"/>
         </contents>
      </logical_group>
      <logical_group id="lg-1c" display="no" color="cyan">
         <name>LinaRegsFile</name>
         <run_address>0x6c00</run_address>
         <size>0x4a</size>
         <contents>
            <object_component_ref idref="oc-81"/>
         </contents>
      </logical_group>
      <logical_group id="lg-1d" display="no" color="cyan">
         <name>GpioCtrlRegsFile</name>
         <run_address>0x6f80</run_address>
         <size>0x40</size>
         <contents>
            <object_component_ref idref="oc-7c"/>
         </contents>
      </logical_group>
      <logical_group id="lg-1e" display="no" color="cyan">
         <name>GpioDataRegsFile</name>
         <run_address>0x6fc0</run_address>
         <size>0x20</size>
         <contents>
            <object_component_ref idref="oc-6d"/>
         </contents>
      </logical_group>
      <logical_group id="lg-1f" display="no" color="cyan">
         <name>GpioIntRegsFile</name>
         <run_address>0x6fe0</run_address>
         <size>0xc</size>
         <contents>
            <object_component_ref idref="oc-61"/>
         </contents>
      </logical_group>
      <logical_group id="lg-20" display="no" color="cyan">
         <name>SysCtrlRegsFile</name>
         <run_address>0x7010</run_address>
         <size>0x20</size>
         <contents>
            <object_component_ref idref="oc-6c"/>
         </contents>
      </logical_group>
      <logical_group id="lg-21" display="no" color="cyan">
         <name>SpiaRegsFile</name>
         <run_address>0x7040</run_address>
         <size>0x10</size>
         <contents>
            <object_component_ref idref="oc-62"/>
         </contents>
      </logical_group>
      <logical_group id="lg-22" display="no" color="cyan">
         <name>SpibRegsFile</name>
         <run_address>0x7740</run_address>
         <size>0x10</size>
         <contents>
            <object_component_ref idref="oc-63"/>
         </contents>
      </logical_group>
      <logical_group id="lg-23" display="no" color="cyan">
         <name>SciaRegsFile</name>
         <run_address>0x7050</run_address>
         <size>0x10</size>
         <contents>
            <object_component_ref idref="oc-65"/>
         </contents>
      </logical_group>
      <logical_group id="lg-24" display="no" color="cyan">
         <name>NmiIntruptRegsFile</name>
         <run_address>0x7060</run_address>
         <size>0x10</size>
         <contents>
            <object_component_ref idref="oc-64"/>
         </contents>
      </logical_group>
      <logical_group id="lg-25" display="no" color="cyan">
         <name>XIntruptRegsFile</name>
         <run_address>0x7070</run_address>
         <size>0x10</size>
         <contents>
            <object_component_ref idref="oc-66"/>
         </contents>
      </logical_group>
      <logical_group id="lg-26" display="no" color="cyan">
         <name>AdcRegsFile</name>
         <run_address>0x7100</run_address>
         <size>0x50</size>
         <contents>
            <object_component_ref idref="oc-82"/>
         </contents>
      </logical_group>
      <logical_group id="lg-27" display="no" color="cyan">
         <name>I2caRegsFile</name>
         <run_address>0x7900</run_address>
         <size>0x22</size>
         <contents>
            <object_component_ref idref="oc-72"/>
         </contents>
      </logical_group>
      <logical_group id="lg-28" display="no" color="cyan">
         <name>Comp1RegsFile</name>
         <run_address>0x6400</run_address>
         <size>0x14</size>
         <contents>
            <object_component_ref idref="oc-68"/>
         </contents>
      </logical_group>
      <logical_group id="lg-29" display="no" color="cyan">
         <name>Comp2RegsFile</name>
         <run_address>0x6420</run_address>
         <size>0x14</size>
         <contents>
            <object_component_ref idref="oc-69"/>
         </contents>
      </logical_group>
      <logical_group id="lg-2a" display="no" color="cyan">
         <name>Comp3RegsFile</name>
         <run_address>0x6440</run_address>
         <size>0x14</size>
         <contents>
            <object_component_ref idref="oc-6a"/>
         </contents>
      </logical_group>
      <logical_group id="lg-2b" display="no" color="cyan">
         <name>EPwm1RegsFile</name>
         <run_address>0x6800</run_address>
         <size>0x40</size>
         <contents>
            <object_component_ref idref="oc-74"/>
         </contents>
      </logical_group>
      <logical_group id="lg-2c" display="no" color="cyan">
         <name>EPwm2RegsFile</name>
         <run_address>0x6840</run_address>
         <size>0x40</size>
         <contents>
            <object_component_ref idref="oc-76"/>
         </contents>
      </logical_group>
      <logical_group id="lg-2d" display="no" color="cyan">
         <name>EPwm3RegsFile</name>
         <run_address>0x6880</run_address>
         <size>0x40</size>
         <contents>
            <object_component_ref idref="oc-79"/>
         </contents>
      </logical_group>
      <logical_group id="lg-2e" display="no" color="cyan">
         <name>EPwm4RegsFile</name>
         <run_address>0x68c0</run_address>
         <size>0x40</size>
         <contents>
            <object_component_ref idref="oc-7e"/>
         </contents>
      </logical_group>
      <logical_group id="lg-2f" display="no" color="cyan">
         <name>EPwm5RegsFile</name>
         <run_address>0x6900</run_address>
         <size>0x40</size>
         <contents>
            <object_component_ref idref="oc-7f"/>
         </contents>
      </logical_group>
      <logical_group id="lg-30" display="no" color="cyan">
         <name>EPwm6RegsFile</name>
         <run_address>0x6940</run_address>
         <size>0x40</size>
         <contents>
            <object_component_ref idref="oc-7b"/>
         </contents>
      </logical_group>
      <logical_group id="lg-31" display="no" color="cyan">
         <name>EPwm7RegsFile</name>
         <run_address>0x6980</run_address>
         <size>0x40</size>
         <contents>
            <object_component_ref idref="oc-7a"/>
         </contents>
      </logical_group>
      <logical_group id="lg-32" display="no" color="cyan">
         <name>CsmPwlFile</name>
         <run_address>0x3f7ff8</run_address>
         <size>0x8</size>
         <contents>
            <object_component_ref idref="oc-5d"/>
         </contents>
      </logical_group>
      <logical_group id="lg-33" display="no" color="cyan">
         <name>PartIdRegsFile</name>
         <run_address>0x3d7e80</run_address>
         <size>0x1</size>
         <contents>
            <object_component_ref idref="oc-57"/>
         </contents>
      </logical_group>
      <logical_group id="lg-34" display="no" color="cyan">
         <name>codestart</name>
         <load_address>0x3f7ff6</load_address>
         <run_address>0x3f7ff6</run_address>
         <size>0x2</size>
         <contents>
            <object_component_ref idref="oc-96"/>
         </contents>
      </logical_group>
      <logical_group id="lg-35" display="no" color="cyan">
         <name>.InitBoot</name>
         <load_address>0x3f6928</load_address>
         <run_address>0x3f6928</run_address>
         <size>0x34</size>
         <contents>
            <object_component_ref idref="oc-45"/>
            <object_component_ref idref="oc-a5"/>
         </contents>
      </logical_group>
      <logical_group id="lg-36" display="no" color="cyan">
         <name>.appDesc</name>
         <run_address>0x3e8000</run_address>
         <size>0x6</size>
         <contents>
            <object_component_ref idref="oc-b8"/>
         </contents>
      </logical_group>
      <logical_group id="lg-37" display="no" color="cyan">
         <name>.loaderDesc</name>
         <load_address>0x3f6000</load_address>
         <run_address>0x3f6000</run_address>
         <size>0x6</size>
         <contents>
            <object_component_ref idref="oc-b9"/>
         </contents>
      </logical_group>
      <logical_group id="lg-38" display="no" color="cyan">
         <name>.text</name>
         <load_address>0x3f6225</load_address>
         <run_address>0x3f6225</run_address>
         <size>0x602</size>
         <contents>
            <object_component_ref idref="oc-4f"/>
            <object_component_ref idref="oc-111"/>
            <object_component_ref idref="oc-114"/>
            <object_component_ref idref="oc-10e"/>
            <object_component_ref idref="oc-e3"/>
            <object_component_ref idref="oc-d0"/>
            <object_component_ref idref="oc-10c"/>
            <object_component_ref idref="oc-10b"/>
            <object_component_ref idref="oc-e8"/>
            <object_component_ref idref="oc-112"/>
            <object_component_ref idref="oc-11a"/>
            <object_component_ref idref="oc-113"/>
            <object_component_ref idref="oc-108"/>
            <object_component_ref idref="oc-106"/>
            <object_component_ref idref="oc-10d"/>
            <object_component_ref idref="oc-10a"/>
            <object_component_ref idref="oc-117"/>
            <object_component_ref idref="oc-95"/>
            <object_component_ref idref="oc-107"/>
            <object_component_ref idref="oc-109"/>
         </contents>
      </logical_group>
      <logical_group id="lg-39" display="no" color="cyan">
         <name>.cinit</name>
         <load_address>0x3f695c</load_address>
         <run_address>0x3f695c</run_address>
         <size>0x1e</size>
         <contents>
            <object_component_ref idref="oc-dd"/>
            <object_component_ref idref="oc-110"/>
            <object_component_ref idref="oc-118"/>
            <object_component_ref idref="oc-b1"/>
         </contents>
      </logical_group>
      <logical_group id="lg-3a" display="no" color="cyan">
         <name>.pinit</name>
         <run_address>0x0</run_address>
         <size>0x0</size>
         <contents>
         </contents>
      </logical_group>
      <logical_group id="lg-3b" display="no" color="cyan">
         <name>ramfuncs</name>
         <load_address>0x3f6008</load_address>
         <run_address>0x8000</run_address>
         <size>0x21d</size>
         <contents>
            <object_component_ref idref="oc-11b"/>
            <object_component_ref idref="oc-116"/>
            <object_component_ref idref="oc-c5"/>
            <object_component_ref idref="oc-115"/>
            <object_component_ref idref="oc-9b"/>
         </contents>
      </logical_group>
      <logical_group id="lg-3c" display="no" color="cyan">
         <name>.econst</name>
         <load_address>0x3f6828</load_address>
         <run_address>0x3f6828</run_address>
         <size>0x100</size>
         <contents>
            <object_component_ref idref="oc-119"/>
         </contents>
      </logical_group>
      <logical_group id="lg-3d" display="no" color="cyan">
         <name>.switch</name>
         <run_address>0x0</run_address>
         <size>0x0</size>
         <contents>
         </contents>
      </logical_group>
      <logical_group id="lg-3e" display="no" color="cyan">
         <name>IQmath</name>
         <run_address>0x0</run_address>
         <size>0x0</size>
         <contents>
         </contents>
      </logical_group>
      <logical_group id="lg-3f" display="no" color="cyan">
         <name>.stack</name>
         <run_address>0x480</run_address>
         <size>0x300</size>
         <contents>
            <object_component_ref idref="oc-a0"/>
            <object_component_ref idref="oc-a6"/>
            <object_component_ref idref="oc-d1"/>
            <object_component_ref idref="oc-169"/>
         </contents>
      </logical_group>
      <logical_group id="lg-40" display="no" color="cyan">
         <name>.ebss</name>
         <run_address>0x9000</run_address>
         <size>0x464</size>
         <contents>
[...]
         <object_component_ref idref="oc-4f"/>
      </symbol>
      <symbol id="sm-15c">
         <name>_CLA1_INT4_ISR</name>
         <value>0x3f636a</value>
         <object_component_ref idref="oc-4f"/>
      </symbol>
      <symbol id="sm-15d">
         <name>_EQEP1_INT_ISR</name>
         <value>0x3f62fc</value>
         <object_component_ref idref="oc-4f"/>
      </symbol>
      <symbol id="sm-15e">
         <name>_USER8_ISR</name>
         <value>0x3f626b</value>
         <object_component_ref idref="oc-4f"/>
      </symbol>
      <symbol id="sm-15f">
         <name>_EPWM1_INT_ISR</name>
         <value>0x3f62ca</value>
         <object_component_ref idref="oc-4f"/>
      </symbol>
      <symbol id="sm-160">
         <name>_USER2_ISR</name>
         <value>0x3f624d</value>
         <object_component_ref idref="oc-4f"/>
      </symbol>
      <symbol id="sm-161">
         <name>_CLA1_INT5_ISR</name>
         <value>0x3f636f</value>
         <object_component_ref idref="oc-4f"/>
      </symbol>
      <symbol id="sm-162">
         <name>_LUF_ISR</name>
         <value>0x3f638d</value>
         <object_component_ref idref="oc-4f"/>
      </symbol>
      <symbol id="sm-163">
         <name>_LVF_ISR</name>
         <value>0x3f6388</value>
         <object_component_ref idref="oc-4f"/>
      </symbol>
      <symbol id="sm-164">
         <name>_SCITXINTA_ISR</name>
         <value>0x3f6324</value>
         <object_component_ref idref="oc-4f"/>
      </symbol>
      <symbol id="sm-165">
         <name>_SCIRXINTA_ISR</name>
         <value>0x3f631f</value>
         <object_component_ref idref="oc-4f"/>
      </symbol>
      <symbol id="sm-166">
         <name>_HRCAP1_INT_ISR</name>
         <value>0x3f62f2</value>
         <object_component_ref idref="oc-4f"/>
      </symbol>
      <symbol id="sm-1cc">
         <name>_GpioCtrlRegs</name>
         <value>0x6f80</value>
         <object_component_ref idref="oc-7c"/>
      </symbol>
      <symbol id="sm-1cd">
         <name>_PieVectTable</name>
         <value>0xd00</value>
         <object_component_ref idref="oc-83"/>
      </symbol>
      <symbol id="sm-1ce">
         <name>_SysPwrCtrlRegs</name>
         <value>0x985</value>
         <object_component_ref idref="oc-5a"/>
      </symbol>
      <symbol id="sm-1cf">
         <name>_EmuBMode</name>
         <value>0xd01</value>
         <object_component_ref idref="oc-55"/>
      </symbol>
      <symbol id="sm-1d0">
         <name>_CsmRegs</name>
         <value>0xae0</value>
         <object_component_ref idref="oc-67"/>
      </symbol>
      <symbol id="sm-1d1">
         <name>_ECanaLAMRegs</name>
         <value>0x6040</value>
         <object_component_ref idref="oc-78"/>
      </symbol>
      <symbol id="sm-1d2">
         <name>_AdcResult</name>
         <value>0xb00</value>
         <object_component_ref idref="oc-71"/>
      </symbol>
      <symbol id="sm-1d3">
         <name>_EPwm4Regs</name>
         <value>0x68c0</value>
         <object_component_ref idref="oc-7e"/>
      </symbol>
      <symbol id="sm-1d4">
         <name>_CpuTimer1Regs</name>
         <value>0xc08</value>
         <object_component_ref idref="oc-5e"/>
      </symbol>
      <symbol id="sm-1d5">
         <name>_SysCtrlRegs</name>
         <value>0x7010</value>
         <object_component_ref idref="oc-6c"/>
      </symbol>
      <symbol id="sm-1d6">
         <name>_EPwm5Regs</name>
         <value>0x6900</value>
         <object_component_ref idref="oc-7f"/>
      </symbol>
      <symbol id="sm-1d7">
         <name>_SpiaRegs</name>
         <value>0x7040</value>
         <object_component_ref idref="oc-62"/>
      </symbol>
      <symbol id="sm-1d8">
         <name>_ECanaMOTSRegs</name>
         <value>0x6080</value>
         <object_component_ref idref="oc-77"/>
      </symbol>
      <symbol id="sm-1d9">
         <name>_FlashRegs</name>
         <value>0xa80</value>
         <object_component_ref idref="oc-5c"/>
      </symbol>
      <symbol id="sm-1da">
         <name>_CpuTimer0Regs</name>
         <value>0xc00</value>
         <object_component_ref idref="oc-5f"/>
      </symbol>
      <symbol id="sm-1db">
         <name>_DevEmuRegs</name>
         <value>0x880</value>
         <object_component_ref idref="oc-5b"/>
      </symbol>
      <symbol id="sm-1dc">
         <name>_EPwm6Regs</name>
         <value>0x6940</value>
         <object_component_ref idref="oc-7b"/>
      </symbol>
      <symbol id="sm-1dd">
         <name>_Comp1Regs</name>
         <value>0x6400</value>
         <object_component_ref idref="oc-68"/>
      </symbol>
      <symbol id="sm-1de">
         <name>_SciaRegs</name>
         <value>0x7050</value>
         <object_component_ref idref="oc-65"/>
      </symbol>
      <symbol id="sm-1df">
         <name>_GpioDataRegs</name>
         <value>0x6fc0</value>
         <object_component_ref idref="oc-6d"/>
      </symbol>
      <symbol id="sm-1e0">
         <name>_CsmPwl</name>
         <value>0x3f7ff8</value>
         <object_component_ref idref="oc-5d"/>
      </symbol>
      <symbol id="sm-1e1">
         <name>_AdcRegs</name>
         <value>0x7100</value>
         <object_component_ref idref="oc-82"/>
      </symbol>
      <symbol id="sm-1e2">
         <name>_EPwm7Regs</name>
         <value>0x6980</value>
         <object_component_ref idref="oc-7a"/>
      </symbol>
      <symbol id="sm-1e3">
         <name>_Comp2Regs</name>
         <value>0x6420</value>
         <object_component_ref idref="oc-69"/>
      </symbol>
      <symbol id="sm-1e4">
         <name>_XIntruptRegs</name>
         <value>0x7070</value>
         <object_component_ref idref="oc-66"/>
      </symbol>
      <symbol id="sm-1e5">
         <name>_CpuTimer2Regs</name>
         <value>0xc10</value>
         <object_component_ref idref="oc-60"/>
      </symbol>
      <symbol id="sm-1e6">
         <name>_HRCap1Regs</name>
         <value>0x6ac0</value>
         <object_component_ref idref="oc-6f"/>
      </symbol>
      <symbol id="sm-1e7">
         <name>_PieCtrlRegs</name>
         <value>0xce0</value>
         <object_component_ref idref="oc-6b"/>
      </symbol>
      <symbol id="sm-1e8">
         <name>_SpibRegs</name>
         <value>0x7740</value>
         <object_component_ref idref="oc-63"/>
      </symbol>
      <symbol id="sm-1e9">
         <name>_ECanaRegs</name>
         <value>0x6000</value>
         <object_component_ref idref="oc-73"/>
      </symbol>
      <symbol id="sm-1ea">
         <name>_Comp3Regs</name>
         <value>0x6440</value>
         <object_component_ref idref="oc-6a"/>
      </symbol>
      <symbol id="sm-1eb">
         <name>_ECap1Regs</name>
         <value>0x6a00</value>
         <object_component_ref idref="oc-70"/>
      </symbol>
      <symbol id="sm-1ec">
         <name>_EmuKey</name>
         <value>0xd00</value>
         <object_component_ref idref="oc-56"/>
      </symbol>
      <symbol id="sm-1ed">
         <name>_LinaRegs</name>
         <value>0x6c00</value>
         <object_component_ref idref="oc-81"/>
      </symbol>
      <symbol id="sm-1ee">
         <name>_Cla1Regs</name>
         <value>0x1400</value>
         <object_component_ref idref="oc-75"/>
      </symbol>
      <symbol id="sm-1ef">
         <name>_EQep1Regs</name>
         <value>0x6b00</value>
         <object_component_ref idref="oc-7d"/>
      </symbol>
      <symbol id="sm-1f0">
         <name>_EPwm1Regs</name>
         <value>0x6800</value>
         <object_component_ref idref="oc-74"/>
      </symbol>
      <symbol id="sm-1f1">
         <name>_GpioIntRegs</name>
         <value>0x6fe0</value>
         <object_component_ref idref="oc-61"/>
      </symbol>
      <symbol id="sm-1f2">
         <name>_PartIdRegs</name>
         <value>0x3d7e80</value>
         <object_component_ref idref="oc-57"/>
      </symbol>
      <symbol id="sm-1f3">
         <name>_Flash_CPUScaleFactor</name>
         <value>0xd04</value>
         <object_component_ref idref="oc-59"/>
      </symbol>
      <symbol id="sm-1f4">
         <name>_EPwm2Regs</name>
         <value>0x6840</value>
         <object_component_ref idref="oc-76"/>
      </symbol>
      <symbol id="sm-1f5">
         <name>_ECanaMboxes</name>
         <value>0x6100</value>
         <object_component_ref idref="oc-84"/>
      </symbol>
      <symbol id="sm-1f6">
         <name>_HRCap2Regs</name>
         <value>0x6ae0</value>
         <object_component_ref idref="oc-6e"/>
      </symbol>
      <symbol id="sm-1f7">
         <name>_NmiIntruptRegs</name>
         <value>0x7060</value>
         <object_component_ref idref="oc-64"/>
      </symbol>
      <symbol id="sm-1f8">
         <name>_ECanaMOTORegs</name>
         <value>0x60c0</value>
         <object_component_ref idref="oc-80"/>
      </symbol>
      <symbol id="sm-1f9">
         <name>_Flash_CallbackPtr</name>
         <value>0xd02</value>
         <object_component_ref idref="oc-58"/>
      </symbol>
      <symbol id="sm-1fa">
         <name>_EPwm3Regs</name>
         <value>0x6880</value>
         <object_component_ref idref="oc-79"/>
      </symbol>
      <symbol id="sm-1fb">
         <name>_I2caRegs</name>
         <value>0x7900</value>
         <object_component_ref idref="oc-72"/>
      </symbol>
      <symbol id="sm-207">
         <name>_InitPieCtrl</name>
         <value>0x3f6726</value>
         <object_component_ref idref="oc-112"/>
      </symbol>
      <symbol id="sm-208">
         <name>_EnableInterrupts</name>
         <value>0x3f6745</value>
         <object_component_ref idref="oc-112"/>
      </symbol>
      <symbol id="sm-218">
         <name>_PieVectTableInit</name>
         <value>0x3f6828</value>
         <object_component_ref idref="oc-119"/>
      </symbol>
      <symbol id="sm-219">
         <name>_InitPieVectTable</name>
         <value>0x3f6775</value>
         <object_component_ref idref="oc-113"/>
      </symbol>
      <symbol id="sm-22e">
         <name>_InitPll</name>
         <value>0x3f6405</value>
         <object_component_ref idref="oc-111"/>
      </symbol>
      <symbol id="sm-22f">
         <name>_IntOsc1Sel</name>
         <value>0x3f64c7</value>
         <object_component_ref idref="oc-111"/>
      </symbol>
      <symbol id="sm-230">
         <name>_ExtOscSel</name>
         <value>0x3f6507</value>
         <object_component_ref idref="oc-111"/>
      </symbol>
      <symbol id="sm-231">
         <name>_DisableDog</name>
         <value>0x3f63fd</value>
         <object_component_ref idref="oc-111"/>
      </symbol>
      <symbol id="sm-232">
         <name>_InitPeripheralClocks</name>
         <value>0x3f645a</value>
         <object_component_ref idref="oc-111"/>
      </symbol>
      <symbol id="sm-233">
         <name>_IntOsc2Sel</name>
         <value>0x3f64d7</value>
         <object_component_ref idref="oc-111"/>
      </symbol>
      <symbol id="sm-234">
         <name>_CsmUnlock</name>
         <value>0x3f6496</value>
         <object_component_ref idref="oc-111"/>
      </symbol>
      <symbol id="sm-235">
         <name>_ServiceDog</name>
         <value>0x3f63f3</value>
         <object_component_ref idref="oc-111"/>
      </symbol>
      <symbol id="sm-236">
         <name>_XtalOscSel</name>
         <value>0x3f64eb</value>
         <object_component_ref idref="oc-111"/>
      </symbol>
      <symbol id="sm-237">
         <name>_InitSysCtrl</name>
         <value>0x3f63d9</value>
         <object_component_ref idref="oc-111"/>
      </symbol>
      <symbol id="sm-247">
         <name>code_start</name>
         <value>0x3f7ff6</value>
         <object_component_ref idref="oc-96"/>
      </symbol>
      <symbol id="sm-253">
         <name>_DSP28x_usDelay</name>
         <value>0x8219</value>
         <object_component_ref idref="oc-9b"/>
      </symbol>
      <symbol id="sm-262">
         <name>_InitBoot</name>
         <value>0x3f6928</value>
         <object_component_ref idref="oc-45"/>
      </symbol>
      <symbol id="sm-263">
         <name>_ExitBoot</name>
         <value>0x3f6936</value>
         <object_component_ref idref="oc-45"/>
      </symbol>
      <symbol id="sm-272">
         <name>_InitBootLoader</name>
         <value>0x3f694e</value>
         <object_component_ref idref="oc-a5"/>
      </symbol>
      <symbol id="sm-28b">
         <name>_SCI_Boot</name>
         <value>0x818b</value>
         <object_component_ref idref="oc-116"/>
      </symbol>
      <symbol id="sm-28c">
         <name>_SCIA_GetOnlyWordData</name>
         <value>0x81d3</value>
         <object_component_ref idref="oc-116"/>
      </symbol>
      <symbol id="sm-28d">
         <name>_SCIA_GetWordData</name>
         <value>0x81b2</value>
         <object_component_ref idref="oc-116"/>
      </symbol>
      <symbol id="sm-2b5">
         <name>_sectorMask</name>
         <value>0x9001</value>
         <object_component_ref idref="oc-b2"/>
      </symbol>
      <symbol id="sm-2b6">
         <name>_SendCheckSum</name>
         <value>0x8152</value>
         <object_component_ref idref="oc-11b"/>
      </symbol>
      <symbol id="sm-2b7">
         <name>_GetOnlyWordData</name>
         <value>0x9002</value>
         <object_component_ref idref="oc-b2"/>
      </symbol>
      <symbol id="sm-2b8">
         <name>_GetLongData</name>
         <value>0x812d</value>
         <object_component_ref idref="oc-11b"/>
      </symbol>
      <symbol id="sm-2b9">
         <name>_CopyData</name>
         <value>0x8019</value>
         <object_component_ref idref="oc-11b"/>
      </symbol>
      <symbol id="sm-2ba">
         <name>_sectorErase</name>
         <value>0x8005</value>
         <object_component_ref idref="oc-11b"/>
      </symbol>
      <symbol id="sm-2bb">
         <name>_ReadReservedFn</name>
         <value>0x813f</value>
         <object_component_ref idref="oc-11b"/>
      </symbol>
      <symbol id="sm-2bc">
         <name>_BlockHeader</name>
         <value>0x9008</value>
         <object_component_ref idref="oc-b2"/>
      </symbol>
      <symbol id="sm-2bd">
         <name>_progBuf</name>
         <value>0x9040</value>
         <object_component_ref idref="oc-b2"/>
      </symbol>
      <symbol id="sm-2be">
         <name>_FlashStatus</name>
         <value>0x9004</value>
         <object_component_ref idref="oc-b2"/>
      </symbol>
      <symbol id="sm-2bf">
         <name>_ReservedFn</name>
         <value>0x900e</value>
         <object_component_ref idref="oc-b2"/>
      </symbol>
      <symbol id="sm-2c0">
         <name>_checksum</name>
         <value>0x9000</value>
         <object_component_ref idref="oc-b2"/>
      </symbol>
      <symbol id="sm-2d3">
         <name>_appDesc</name>
         <value>0x3e8000</value>
         <object_component_ref idref="oc-b8"/>
      </symbol>
      <symbol id="sm-2d4">
         <name>_callBootLoader</name>
         <value>0x3f67d7</value>
         <object_component_ref idref="oc-106"/>
      </symbol>
      <symbol id="sm-2d5">
         <name>_checkAppBoot</name>
         <value>0x3f67bf</value>
         <object_component_ref idref="oc-106"/>
      </symbol>
      <symbol id="sm-2d6">
         <name>_callMain</name>
         <value>0x3f67da</value>
         <object_component_ref idref="oc-106"/>
      </symbol>
      <symbol id="sm-2d7">
         <name>_LoaderBoot</name>
         <value>0x3f67d3</value>
         <object_component_ref idref="oc-106"/>
      </symbol>
      <symbol id="sm-2d8">
         <name>_loaderDesc</name>
         <value>0x3f6000</value>
         <object_component_ref idref="oc-b9"/>
      </symbol>
      <symbol id="sm-2eb">
         <name>_flashChecksumCalc</name>
         <value>0x3f6698</value>
         <object_component_ref idref="oc-10c"/>
      </symbol>
      <symbol id="sm-2ec">
         <name>_overallProgramFlashTest</name>
         <value>0x3f66bc</value>
         <object_component_ref idref="oc-10c"/>
      </symbol>
      <symbol id="sm-302">
         <name>_main</name>
         <value>0x3f65a3</value>
         <object_component_ref idref="oc-10e"/>
      </symbol>
      <symbol id="sm-303">
         <name>_ApplicationPtr</name>
         <value>0x9462</value>
         <object_component_ref idref="oc-c4"/>
      </symbol>
      <symbol id="sm-304">
         <name>_cpu_timer0_isr</name>
         <value>0x81f2</value>
         <object_component_ref idref="oc-c5"/>
      </symbol>
      <symbol id="sm-305">
         <name>_memCopy</name>
         <value>0x3f6590</value>
         <object_component_ref idref="oc-10e"/>
      </symbol>
      <symbol id="sm-30d">
         <name>_Flash2803x_Erase</name>
         <value>0x3ff9b3</value>
      </symbol>
      <symbol id="sm-315">
         <name>_Flash2803x_Program</name>
         <value>0x3ff8d2</value>
      </symbol>
      <symbol id="sm-330">
         <name>_c_int00</name>
         <value>0x3f6644</value>
         <object_component_ref idref="oc-d0"/>
      </symbol>
      <symbol id="sm-331">
         <name>__stack</name>
         <value>0x480</value>
         <object_component_ref idref="oc-d1"/>
      </symbol>
      <symbol id="sm-340">
         <name>_copy_in</name>
         <value>0x3f679b</value>
         <object_component_ref idref="oc-108"/>
      </symbol>
      <symbol id="sm-354">
         <name>C$$EXIT</name>
         <value>0x3f66d4</value>
         <object_component_ref idref="oc-10b"/>
      </symbol>
      <symbol id="sm-355">
         <name>_exit</name>
         <value>0x3f66d6</value>
         <object_component_ref idref="oc-10b"/>
      </symbol>
      <symbol id="sm-356">
         <name>___TI_cleanup_ptr</name>
         <value>0x945a</value>
         <object_component_ref idref="oc-de"/>
      </symbol>
      <symbol id="sm-357">
         <name>___TI_enable_exit_profile_output</name>
         <value>0x9458</value>
         <object_component_ref idref="oc-de"/>
      </symbol>
      <symbol id="sm-358">
         <name>_abort</name>
         <value>0x3f66d4</value>
         <object_component_ref idref="oc-10b"/>
      </symbol>
      <symbol id="sm-359">
         <name>___TI_dtors_ptr</name>
         <value>0x945c</value>
         <object_component_ref idref="oc-de"/>
      </symbol>
      <symbol id="sm-36a">
         <name>FS$$MPY</name>
         <value>0x3f65ea</value>
         <object_component_ref idref="oc-e3"/>
      </symbol>
      <symbol id="sm-37d">
         <name>FS$$TOL</name>
         <value>0x3f66fd</value>
         <object_component_ref idref="oc-e8"/>
      </symbol>
      <symbol id="sm-38e">
         <name>_memcpy</name>
         <value>0x3f67dd</value>
         <object_component_ref idref="oc-10d"/>
      </symbol>
      <symbol id="sm-39a">
         <name>__system_pre_init</name>
         <value>0x3f6824</value>
         <object_component_ref idref="oc-107"/>
      </symbol>
      <symbol id="sm-3a6">
         <name>__system_post_cinit</name>
         <value>0x3f6826</value>
         <object_component_ref idref="oc-109"/>
      </symbol>
      <symbol id="sm-3ba">
         <name>__unlock</name>
         <value>0x9460</value>
         <object_component_ref idref="oc-11c"/>
      </symbol>
      <symbol id="sm-3bb">
         <name>__lock</name>
         <value>0x945e</value>
         <object_component_ref idref="oc-10f"/>
      </symbol>
      <symbol id="sm-3bc">
         <name>__register_lock</name>
         <value>0x3f6817</value>
         <object_component_ref idref="oc-117"/>
      </symbol>
      <symbol id="sm-3bd">
         <name>__nop</name>
         <value>0x3f681b</value>
         <object_component_ref idref="oc-117"/>
      </symbol>
      <symbol id="sm-3be">
         <name>__register_unlock</name>
         <value>0x3f6813</value>
         <object_component_ref idref="oc-117"/>
      </symbol>
      <symbol id="sm-3cd">
         <name>__args_main</name>
         <value>0x3f67fa</value>
         <object_component_ref idref="oc-10a"/>
      </symbol>
   </symbol_table>
   <title>Link successful</title>
</link_info>
