******************************************************************************
             TMS320C2000 Linker PC v16.9.1                     
******************************************************************************
>> Linked Sun Jan 15 19:56:05 2017

OUTPUT FILE NAME:   <Example_2803xI2C_eeprom.out>
ENTRY POINT SYMBOL: "code_start"  address: 00000000


MEMORY CONFIGURATION

         name            origin    length      used     unused   attr    fill
----------------------  --------  ---------  --------  --------  ----  --------
PAGE 0:
  BEGIN                 00000000   00000002  00000002  00000000  RWIX
  RAMM0                 00000050   000003b0  00000030  00000380  RWIX
  RAML0L1               00008000   00000d00  000005d6  0000072a  RWIX
  IQTABLES              003fe000   00000b50  00000000  00000b50  RWIX
  IQTABLES2             003feb50   0000008c  00000000  0000008c  RWIX
  IQTABLES3             003febdc   000000aa  00000000  000000aa  RWIX
  BOOTROM               003ff27c   00000d44  00000000  00000d44  RWIX
  RESET                 003fffc0   00000002  00000000  00000002  RWIX

PAGE 1:
  BOOT_RSVD             00000002   0000004e  00000000  0000004e  RWIX
  RAMM1                 00000480   00000380  00000380  00000000  RWIX
  DEV_EMU               00000880   00000105  00000004  00000101  RWIX
  SYS_PWR_CTL           00000985   00000003  00000003  00000000  RWIX
  FLASH_REGS            00000a80   00000060  00000008  00000058  RWIX
  CSM                   00000ae0   00000010  00000010  00000000  RWIX
  ADC_RESULT            00000b00   00000020  00000020  00000000  RWIX
  CPU_TIMER0            00000c00   00000008  00000008  00000000  RWIX
  CPU_TIMER1            00000c08   00000008  00000008  00000000  RWIX
  CPU_TIMER2            00000c10   00000008  00000008  00000000  RWIX
  PIE_CTRL              00000ce0   00000020  0000001a  00000006  RWIX
  PIE_VECT              00000d00   00000100  00000100  00000000  RWIX
  CLA1                  00001400   00000080  00000040  00000040  RWIX
  ECANA                 00006000   00000040  00000034  0000000c  RWIX
  ECANA_LAM             00006040   00000040  00000040  00000000  RWIX
  ECANA_MOTS            00006080   00000040  00000040  00000000  RWIX
  ECANA_MOTO            000060c0   00000040  00000040  00000000  RWIX
  ECANA_MBOX            00006100   00000100  00000100  00000000  RWIX
  COMP1                 00006400   00000020  00000014  0000000c  RWIX
  COMP2                 00006420   00000020  00000014  0000000c  RWIX
  COMP3                 00006440   00000020  00000014  0000000c  RWIX
  EPWM1                 00006800   00000040  00000040  00000000  RWIX
  EPWM2                 00006840   00000040  00000040  00000000  RWIX
  EPWM3                 00006880   00000040  00000040  00000000  RWIX
  EPWM4                 000068c0   00000040  00000040  00000000  RWIX
  EPWM5                 00006900   00000040  00000040  00000000  RWIX
  EPWM6                 00006940   00000040  00000040  00000000  RWIX
  EPWM7                 00006980   00000040  00000040  00000000  RWIX
  ECAP1                 00006a00   00000020  00000020  00000000  RWIX
  HRCAP1                00006ac0   00000020  00000020  00000000  RWIX
  HRCAP2                00006ae0   00000020  00000020  00000000  RWIX
  EQEP1                 00006b00   00000040  00000040  00000000  RWIX
  LINA                  00006c00   00000080  0000004a  00000036  RWIX
  GPIOCTRL              00006f80   00000040  00000040  00000000  RWIX
  GPIODAT               00006fc0   00000020  00000020  00000000  RWIX
  GPIOINT               00006fe0   00000020  0000000c  00000014  RWIX
  SYSTEM                00007010   00000020  00000020  00000000  RWIX
  SPIA                  00007040   00000010  00000010  00000000  RWIX
  SCIA                  00007050   00000010  00000010  00000000  RWIX
  NMIINTRUPT            00007060   00000010  00000010  00000000  RWIX
  XINTRUPT              00007070   00000010  00000010  00000000  RWIX
  ADC                   00007100   00000080  00000050  00000030  RWIX
  SPIB                  00007740   00000010  00000010  00000000  RWIX
  I2CA                  00007900   00000040  00000022  0000001e  RWIX
  RAML2                 00008d00   00000300  00000138  000001c8  RWIX
  RAML3                 00009000   00001000  00000000  00001000  RWIX
  PARTID                003d7e80   00000001  00000001  00000000  RWIX
  CSM_PWL               003f7ff8   00000008  00000008  00000000  RWIX


SECTION ALLOCATION MAP

 output                                  attributes/
section   page    origin      length       input sections
--------  ----  ----------  ----------   ----------------
codestart 
*          0    00000000    00000002     
                  00000000    00000002     DSP2803x_CodeStartBranch.obj (codestart)

.cinit     0    00000050    0000002c     
                  00000050    00000012     Example_2803xI2C_eeprom.obj (.cinit)
                  00000062    0000000e     rts2800_ml.lib : exit.obj (.cinit)
                  00000070    00000005                    : _lock.obj (.cinit:__lock)
                  00000075    00000005                    : _lock.obj (.cinit:__unlock)
                  0000007a    00000002     --HOLE-- [fill = 0]

ramfuncs   0    0000007c    00000004     
                  0000007c    00000004     DSP2803x_usDelay.obj (ramfuncs)

.text      0    00008000    000005d6     
                  00008000    0000017c     DSP2803x_DefaultIsr.obj (.text:retain)
                  0000817c    00000144     DSP2803x_SysCtrl.obj (.text)
                  000082c0    000000c7     Example_2803xI2C_eeprom.obj (.text)
                  00008387    0000007a     Example_2803xI2C_eeprom.obj (.text:retain)
                  00008401    0000005a     rts2800_ml.lib : fs_mpy28.obj (.text)
                  0000845b    00000054                    : boot28.obj (.text)
                  000084af    00000029                    : exit.obj (.text)
                  000084d8    00000029                    : fs_tol28.obj (.text)
                  00008501    00000028     DSP2803x_PieCtrl.obj (.text)
                  00008529    00000026     DSP2803x_PieVect.obj (.text)
                  0000854f    00000024     rts2800_ml.lib : cpy_tbl.obj (.text)
                  00008573    0000001d                    : memcpy.obj (.text)
                  00008590    00000019     DSP2803x_I2C.obj (.text)
                  000085a9    00000019     rts2800_ml.lib : args_main.obj (.text)
                  000085c2    00000009                    : _lock.obj (.text)
                  000085cb    00000008     DSP2803x_CodeStartBranch.obj (.text)
                  000085d3    00000002     rts2800_ml.lib : pre_init.obj (.text)
                  000085d5    00000001                    : startup.obj (.text)

.pinit     0    00000050    00000000     UNINITIALIZED

.reset     0    003fffc0    00000002     DSECT
                  003fffc0    00000002     rts2800_ml.lib : boot28.obj (.reset)

.stack     1    00000480    00000380     UNINITIALIZED
                  00000480    00000380     --HOLE--

DevEmuRegsFile 
*          1    00000880    00000004     UNINITIALIZED
                  00000880    00000004     DSP2803x_GlobalVariableDefs.obj (DevEmuRegsFile)

SysPwrCtrlRegsFile 
*          1    00000985    00000003     UNINITIALIZED
                  00000985    00000003     DSP2803x_GlobalVariableDefs.obj (SysPwrCtrlRegsFile)

FlashRegsFile 
*          1    00000a80    00000008     UNINITIALIZED
                  00000a80    00000008     DSP2803x_GlobalVariableDefs.obj (FlashRegsFile)

CsmRegsFile 
*          1    00000ae0    00000010     UNINITIALIZED
                  00000ae0    00000010     DSP2803x_GlobalVariableDefs.obj (CsmRegsFile)

AdcResultFile 
*          1    00000b00    00000020     UNINITIALIZED
                  00000b00    00000020     DSP2803x_GlobalVariableDefs.obj (AdcResultFile)

CpuTimer0RegsFile 
*          1    00000c00    00000008     UNINITIALIZED
                  00000c00    00000008     DSP2803x_GlobalVariableDefs.obj (CpuTimer0RegsFile)

CpuTimer1RegsFile 
*          1    00000c08    00000008     UNINITIALIZED
                  00000c08    00000008     DSP2803x_GlobalVariableDefs.obj (CpuTimer1RegsFile)

CpuTimer2RegsFile 
*          1    00000c10    00000008     UNINITIALIZED
                  00000c10    00000008     DSP2803x_GlobalVariableDefs.obj (CpuTimer2RegsFile)

PieCtrlRegsFile 
*          1    00000ce0    0000001a     UNINITIALIZED
                  00000ce0    0000001a     DSP2803x_GlobalVariableDefs.obj (PieCtrlRegsFile)

PieVectTableFile 
*          1    00000d00    00000100     UNINITIALIZED
                  00000d00    00000100     DSP2803x_GlobalVariableDefs.obj (PieVectTableFile)

EmuKeyVar 
*          1    00000d00    00000001     UNINITIALIZED
                  00000d00    00000001     DSP2803x_GlobalVariableDefs.obj (EmuKeyVar)

EmuBModeVar 
*          1    00000d01    00000001     UNINITIALIZED
                  00000d01    00000001     DSP2803x_GlobalVariableDefs.obj (EmuBModeVar)

FlashCallbackVar 
*          1    00000d02    00000002     UNINITIALIZED
                  00000d02    00000002     DSP2803x_GlobalVariableDefs.obj (FlashCallbackVar)

FlashScalingVar 
*          1    00000d04    00000002     UNINITIALIZED
                  00000d04    00000002     DSP2803x_GlobalVariableDefs.obj (FlashScalingVar)

Cla1RegsFile 
*          1    00001400    00000040     UNINITIALIZED
                  00001400    00000040     DSP2803x_GlobalVariableDefs.obj (Cla1RegsFile)

ECanaRegsFile 
*          1    00006000    00000034     UNINITIALIZED
                  00006000    00000034     DSP2803x_GlobalVariableDefs.obj (ECanaRegsFile)

ECanaLAMRegsFile 
*          1    00006040    00000040     UNINITIALIZED
                  00006040    00000040     DSP2803x_GlobalVariableDefs.obj (ECanaLAMRegsFile)

ECanaMOTSRegsFile 
*          1    00006080    00000040     UNINITIALIZED
                  00006080    00000040     DSP2803x_GlobalVariableDefs.obj (ECanaMOTSRegsFile)

ECanaMOTORegsFile 
*          1    000060c0    00000040     UNINITIALIZED
                  000060c0    00000040     DSP2803x_GlobalVariableDefs.obj (ECanaMOTORegsFile)

ECanaMboxesFile 
*          1    00006100    00000100     UNINITIALIZED
                  00006100    00000100     DSP2803x_GlobalVariableDefs.obj (ECanaMboxesFile)

Comp1RegsFile 
*          1    00006400    00000014     UNINITIALIZED
                  00006400    00000014     DSP2803x_GlobalVariableDefs.obj (Comp1RegsFile)

Comp2RegsFile 
*          1    00006420    00000014     UNINITIALIZED
                  00006420    00000014     DSP2803x_GlobalVariableDefs.obj (Comp2RegsFile)

Comp3RegsFile 
*          1    00006440    00000014     UNINITIALIZED
                  00006440    00000014     DSP2803x_GlobalVariableDefs.obj (Comp3RegsFile)

EPwm1RegsFile 
*          1    00006800    00000040     UNINITIALIZED
                  00006800    00000040     DSP2803x_GlobalVariableDefs.obj (EPwm1RegsFile)

EPwm2RegsFile 
*          1    00006840    00000040     UNINITIALIZED
                  00006840    00000040     DSP2803x_GlobalVariableDefs.obj (EPwm2RegsFile)

EPwm3RegsFile 
*          1    00006880    00000040     UNINITIALIZED
                  00006880    00000040     DSP2803x_GlobalVariableDefs.obj (EPwm3RegsFile)

EPwm4RegsFile 
*          1    000068c0    00000040     UNINITIALIZED
                  000068c0    00000040     DSP2803x_GlobalVariableDefs.obj (EPwm4RegsFile)

EPwm5RegsFile 
*          1    00006900    00000040     UNINITIALIZED
                  00006900    00000040     DSP2803x_GlobalVariableDefs.obj (EPwm5RegsFile)

EPwm6RegsFile 
*          1    00006940    00000040     UNINITIALIZED
                  00006940    00000040     DSP2803x_GlobalVariableDefs.obj (EPwm6RegsFile)

EPwm7RegsFile 
*          1    00006980    00000040     UNINITIALIZED
                  00006980    00000040     DSP2803x_GlobalVariableDefs.obj (EPwm7RegsFile)

ECap1RegsFile 
*          1    00006a00    00000020     UNINITIALIZED
                  00006a00    00000020     DSP2803x_GlobalVariableDefs.obj (ECap1RegsFile)

HRCap1RegsFile 
*          1    00006ac0    00000020     UNINITIALIZED
                  00006ac0    00000020     DSP2803x_GlobalVariableDefs.obj (HRCap1RegsFile)

HRCap2RegsFile 
*          1    00006ae0    00000020     UNINITIALIZED
                  00006ae0    00000020     DSP2803x_GlobalVariableDefs.obj (HRCap2RegsFile)

EQep1RegsFile 
*          1    00006b00    00000040     UNINITIALIZED
                  00006b00    00000040     DSP2803x_GlobalVariableDefs.obj (EQep1RegsFile)

LinaRegsFile 
*          1    00006c00    0000004a     UNINITIALIZED
                  00006c00    0000004a     DSP2803x_GlobalVariableDefs.obj (LinaRegsFile)

GpioCtrlRegsFile 
*          1    00006f80    00000040     UNINITIALIZED
                  00006f80    00000040     DSP2803x_GlobalVariableDefs.obj (GpioCtrlRegsFile)

GpioDataRegsFile 
*          1    00006fc0    00000020     UNINITIALIZED
                  00006fc0    00000020     DSP2803x_GlobalVariableDefs.obj (GpioDataRegsFile)

GpioIntRegsFile 
*          1    00006fe0    0000000c     UNINITIALIZED
                  00006fe0    0000000c     DSP2803x_GlobalVariableDefs.obj (GpioIntRegsFile)

SysCtrlRegsFile 
*          1    00007010    00000020     UNINITIALIZED
                  00007010    00000020     DSP2803x_GlobalVariableDefs.obj (SysCtrlRegsFile)

SpiaRegsFile 
*          1    00007040    00000010     UNINITIALIZED
                  00007040    00000010     DSP2803x_GlobalVariableDefs.obj (SpiaRegsFile)

SciaRegsFile 
*          1    00007050    00000010     UNINITIALIZED
                  00007050    00000010     DSP2803x_GlobalVariableDefs.obj (SciaRegsFile)

NmiIntruptRegsFile 
*          1    00007060    00000010     UNINITIALIZED
                  00007060    00000010     DSP2803x_GlobalVariableDefs.obj (NmiIntruptRegsFile)

XIntruptRegsFile 
*          1    00007070    00000010     UNINITIALIZED
                  00007070    00000010     DSP2803x_GlobalVariableDefs.obj (XIntruptRegsFile)

AdcRegsFile 
*          1    00007100    00000050     UNINITIALIZED
                  00007100    00000050     DSP2803x_GlobalVariableDefs.obj (AdcRegsFile)

SpibRegsFile 
*          1    00007740    00000010     UNINITIALIZED
                  00007740    00000010     DSP2803x_GlobalVariableDefs.obj (SpibRegsFile)

I2caRegsFile 
*          1    00007900    00000022     UNINITIALIZED
                  00007900    00000022     DSP2803x_GlobalVariableDefs.obj (I2caRegsFile)

.econst    1    00008d00    00000100     
                  00008d00    00000100     DSP2803x_PieVect.obj (.econst:_PieVectTableInit)

.ebss      1    00008e00    00000038     UNINITIALIZED
                  00008e00    00000018     DSP2803x_CpuTimers.obj (.ebss)
                  00008e18    00000016     Example_2803xI2C_eeprom.obj (.ebss)
                  00008e2e    00000006     rts2800_ml.lib : exit.obj (.ebss)
                  00008e34    00000002                    : _lock.obj (.ebss:__lock)
                  00008e36    00000002                    : _lock.obj (.ebss:__unlock)

PartIdRegsFile 
*          1    003d7e80    00000001     UNINITIALIZED
                  003d7e80    00000001     DSP2803x_GlobalVariableDefs.obj (PartIdRegsFile)

CsmPwlFile 
*          1    003f7ff8    00000008     UNINITIALIZED
                  003f7ff8    00000008     DSP2803x_GlobalVariableDefs.obj (CsmPwlFile)

MODULE SUMMARY

       Module                            code   initialized data   uninitialized data
       ------                            ----   ----------------   ------------------
    .\
       DSP2803x_GlobalVariableDefs.obj   0      0                  2024              
       DSP2803x_DefaultIsr.obj           380    0                  0                 
       Example_2803xI2C_eeprom.obj       321    18                 22                
       DSP2803x_SysCtrl.obj              324    0                  0                 
       DSP2803x_PieVect.obj              38     256                0                 
       DSP2803x_PieCtrl.obj              40     0                  0                 
       DSP2803x_I2C.obj                  25     0                  0                 
       DSP2803x_CpuTimers.obj            0      0                  24                
       DSP2803x_CodeStartBranch.obj      10     0                  0                 
       DSP2803x_usDelay.obj              4      0                  0                 
    +--+---------------------------------+------+------------------+--------------------+
       Total:                            1142   274                2070              
                                                                                     
    C:/ti/ccsv7/tools/compiler/ti-cgt-c2000_16.9.1.LTS/lib/rts2800_ml.lib
       fs_mpy28.obj                      90     0                  0                 
       boot28.obj                        84     0                  0                 
       exit.obj                          41     14                 6                 
       fs_tol28.obj                      41     0                  0                 
       cpy_tbl.obj                       36     0                  0                 
       memcpy.obj                        29     0                  0                 
       args_main.obj                     25     0                  0                 
       _lock.obj                         9      10                 4                 
       pre_init.obj                      2      0                  0                 
       startup.obj                       1      0                  0                 
    +--+---------------------------------+------+------------------+--------------------+
       Total:                            358    24                 10                
                                                                                     
       Stack:                            0      0                  896               
    +--+---------------------------------+------+------------------+--------------------+
       Grand Total:                      1500   298                2976              


GLOBAL DATA SYMBOLS: SORTED BY DATA PAGE

address     data page           name
--------    ----------------    ----
00000480      12 (00000480)     __stack

00000880      22 (00000880)     _DevEmuRegs

00000985      26 (00000980)     _SysPwrCtrlRegs

00000a80      2a (00000a80)     _FlashRegs

00000ae0      2b (00000ac0)     _CsmRegs

00000b00      2c (00000b00)     _AdcResult

00000c00      30 (00000c00)     _CpuTimer0Regs
00000c08      30 (00000c00)     _CpuTimer1Regs
00000c10      30 (00000c00)     _CpuTimer2Regs

00000ce0      33 (00000cc0)     _PieCtrlRegs

00000d00      34 (00000d00)     _EmuKey
00000d00      34 (00000d00)     _PieVectTable
00000d01      34 (00000d00)     _EmuBMode
00000d02      34 (00000d00)     _Flash_CallbackPtr
00000d04      34 (00000d00)     _Flash_CPUScaleFactor

00001400      50 (00001400)     _Cla1Regs

00006000     180 (00006000)     _ECanaRegs

00006040     181 (00006040)     _ECanaLAMRegs

00006080     182 (00006080)     _ECanaMOTSRegs

000060c0     183 (000060c0)     _ECanaMOTORegs

00006100     184 (00006100)     _ECanaMboxes

00006400     190 (00006400)     _Comp1Regs
00006420     190 (00006400)     _Comp2Regs

00006440     191 (00006440)     _Comp3Regs

00006800     1a0 (00006800)     _EPwm1Regs

00006840     1a1 (00006840)     _EPwm2Regs

00006880     1a2 (00006880)     _EPwm3Regs

000068c0     1a3 (000068c0)     _EPwm4Regs

00006900     1a4 (00006900)     _EPwm5Regs

00006940     1a5 (00006940)     _EPwm6Regs

00006980     1a6 (00006980)     _EPwm7Regs

00006a00     1a8 (00006a00)     _ECap1Regs

00006ac0     1ab (00006ac0)     _HRCap1Regs
00006ae0     1ab (00006ac0)     _HRCap2Regs

00006b00     1ac (00006b00)     _EQep1Regs

00006c00     1b0 (00006c00)     _LinaRegs

00006f80     1be (00006f80)     _GpioCtrlRegs

00006fc0     1bf (00006fc0)     _GpioDataRegs
00006fe0     1bf (00006fc0)     _GpioIntRegs

00007010     1c0 (00007000)     _SysCtrlRegs

00007040     1c1 (00007040)     _SpiaRegs
00007050     1c1 (00007040)     _SciaRegs
00007060     1c1 (00007040)     _NmiIntruptRegs
00007070     1c1 (00007040)     _XIntruptRegs

00007100     1c4 (00007100)     _AdcRegs

00007740     1dd (00007740)     _SpibRegs

00007900     1e4 (00007900)     _I2caRegs

00008d00     234 (00008d00)     _PieVectTableInit

00008e00     238 (00008e00)     _CpuTimer1
00008e08     238 (00008e00)     _CpuTimer2
00008e10     238 (00008e00)     _CpuTimer0
00008e18     238 (00008e00)     _PassCount
00008e19     238 (00008e00)     _FailCount
00008e1a     238 (00008e00)     _CurrentMsgPtr
00008e1c     238 (00008e00)     _I2cMsgIn1
00008e25     238 (00008e00)     _I2cMsgOut1
00008e2e     238 (00008e00)     ___TI_enable_exit_profile_output
00008e30     238 (00008e00)     ___TI_cleanup_ptr
00008e32     238 (00008e00)     ___TI_dtors_ptr
00008e34     238 (00008e00)     __lock
00008e36     238 (00008e00)     __unlock

003d7e80    f5fa (003d7e80)     _PartIdRegs

003f7ff8    fdff (003f7fc0)     _CsmPwl


GLOBAL SYMBOLS: SORTED ALPHABETICALLY BY Name 

page  address   name                            
----  -------   ----                            
0     00008000  .text                           
0     000084af  C$$EXIT                         
0     00008401  FS$$MPY                         
0     000084d8  FS$$TOL                         
0     0000805f  _ADCINT1_ISR                    
0     00008064  _ADCINT2_ISR                    
0     00008118  _ADCINT3_ISR                    
0     0000811d  _ADCINT4_ISR                    
0     00008122  _ADCINT5_ISR                    
0     00008127  _ADCINT6_ISR                    
0     0000812c  _ADCINT7_ISR                    
0     00008131  _ADCINT8_ISR                    
0     00008073  _ADCINT9_ISR                    
1     00007100  _AdcRegs                        
1     00000b00  _AdcResult                      
0     00008136  _CLA1_INT1_ISR                  
0     0000813b  _CLA1_INT2_ISR                  
0     00008140  _CLA1_INT3_ISR                  
0     00008145  _CLA1_INT4_ISR                  
0     0000814a  _CLA1_INT5_ISR                  
0     0000814f  _CLA1_INT6_ISR                  
0     00008154  _CLA1_INT7_ISR                  
0     00008159  _CLA1_INT8_ISR                  
1     00001400  _Cla1Regs                       
1     00006400  _Comp1Regs                      
1     00006420  _Comp2Regs                      
1     00006440  _Comp3Regs                      
1     00008e10  _CpuTimer0                      
1     00000c00  _CpuTimer0Regs                  
1     00008e00  _CpuTimer1                      
1     00000c08  _CpuTimer1Regs                  
1     00008e08  _CpuTimer2                      
1     00000c10  _CpuTimer2Regs                  
1     003f7ff8  _CsmPwl                         
1     00000ae0  _CsmRegs                        
0     00008239  _CsmUnlock                      
1     00008e1a  _CurrentMsgPtr                  
0     0000800a  _DATALOG_ISR                    
0     0000007c  _DSP28x_usDelay                 
1     00000880  _DevEmuRegs                     
0     000081a0  _DisableDog                     
0     0000810e  _ECAN0INTA_ISR                  
0     00008113  _ECAN1INTA_ISR                  
0     000080c8  _ECAP1_INT_ISR                  
1     00006040  _ECanaLAMRegs                   
1     000060c0  _ECanaMOTORegs                  
1     00006080  _ECanaMOTSRegs                  
1     00006100  _ECanaMboxes                    
1     00006000  _ECanaRegs                      
1     00006a00  _ECap1Regs                      
0     0000816d  _EMPTY_ISR                      
0     00008014  _EMUINT_ISR                     
0     000080a5  _EPWM1_INT_ISR                  
0     00008082  _EPWM1_TZINT_ISR                
0     000080aa  _EPWM2_INT_ISR                  
0     00008087  _EPWM2_TZINT_ISR                
0     000080af  _EPWM3_INT_ISR                  
0     0000808c  _EPWM3_TZINT_ISR                
0     000080b4  _EPWM4_INT_ISR                  
0     00008091  _EPWM4_TZINT_ISR                
0     000080b9  _EPWM5_INT_ISR                  
0     00008096  _EPWM5_TZINT_ISR                
0     000080be  _EPWM6_INT_ISR                  
0     0000809b  _EPWM6_TZINT_ISR                
0     000080c3  _EPWM7_INT_ISR                  
0     000080a0  _EPWM7_TZINT_ISR                
1     00006800  _EPwm1Regs                      
1     00006840  _EPwm2Regs                      
1     00006880  _EPwm3Regs                      
1     000068c0  _EPwm4Regs                      
1     00006900  _EPwm5Regs                      
1     00006940  _EPwm6Regs                      
1     00006980  _EPwm7Regs                      
0     000080d7  _EQEP1_INT_ISR                  
1     00006b00  _EQep1Regs                      
1     00000d01  _EmuBMode                       
1     00000d00  _EmuKey                         
0     00008520  _EnableInterrupts               
0     000082aa  _ExtOscSel                      
1     00008e19  _FailCount                      
1     00000a80  _FlashRegs                      
1     00000d04  _Flash_CPUScaleFactor           
1     00000d02  _Flash_CallbackPtr              
1     00006f80  _GpioCtrlRegs                   
1     00006fc0  _GpioDataRegs                   
1     00006fe0  _GpioIntRegs                    
0     000080cd  _HRCAP1_INT_ISR                 
0     000080d2  _HRCAP2_INT_ISR                 
1     00006ac0  _HRCap1Regs                     
1     00006ae0  _HRCap2Regs                     
0     00008316  _I2CA_Init                      
0     00008357  _I2CA_ReadData                  
0     00008329  _I2CA_WriteData                 
0     000080f0  _I2CINT1A_ISR                   
0     000080f5  _I2CINT2A_ISR                   
1     00008e1c  _I2cMsgIn1                      
1     00008e25  _I2cMsgOut1                     
1     00007900  _I2caRegs                       
0     0000801e  _ILLEGAL_ISR                    
0     00008000  _INT13_ISR                      
0     00008005  _INT14_ISR                      
0     00008590  _InitI2C                        
0     00008591  _InitI2CGpio                    
0     000081fd  _InitPeripheralClocks           
0     00008501  _InitPieCtrl                    
0     00008529  _InitPieVectTable               
0     000081a8  _InitPll                        
0     0000817c  _InitSysCtrl                    
0     0000826a  _IntOsc1Sel                     
0     0000827a  _IntOsc2Sel                     
0     00008104  _LIN0INTA_ISR                   
0     00008109  _LIN1INTA_ISR                   
0     00008168  _LUF_ISR                        
0     00008163  _LVF_ISR                        
1     00006c00  _LinaRegs                       
0     00008019  _NMI_ISR                        
1     00007060  _NmiIntruptRegs                 
0     00008172  _PIE_RESERVED                   
1     003d7e80  _PartIdRegs                     
1     00008e18  _PassCount                      
1     00000ce0  _PieCtrlRegs                    
1     00000d00  _PieVectTable                   
1     00008d00  _PieVectTableInit               
0     0000800f  _RTOSINT_ISR                    
0     000080fa  _SCIRXINTA_ISR                  
0     000080ff  _SCITXINTA_ISR                  
0     000080dc  _SPIRXINTA_ISR                  
0     000080e6  _SPIRXINTB_ISR                  
0     000080e1  _SPITXINTA_ISR                  
0     000080eb  _SPITXINTB_ISR                  
1     00007050  _SciaRegs                       
0     00008196  _ServiceDog                     
1     00007040  _SpiaRegs                       
1     00007740  _SpibRegs                       
1     00007010  _SysCtrlRegs                    
1     00000985  _SysPwrCtrlRegs                 
0     00008078  _TINT0_ISR                      
0     00008050  _USER10_ISR                     
0     00008055  _USER11_ISR                     
0     0000805a  _USER12_ISR                     
0     00008023  _USER1_ISR                      
0     00008028  _USER2_ISR                      
0     0000802d  _USER3_ISR                      
0     00008032  _USER4_ISR                      
0     00008037  _USER5_ISR                      
0     0000803c  _USER6_ISR                      
0     00008041  _USER7_ISR                      
0     00008046  _USER8_ISR                      
0     0000804b  _USER9_ISR                      
0     0000807d  _WAKEINT_ISR                    
0     00008069  _XINT1_ISR                      
0     0000806e  _XINT2_ISR                      
0     0000815e  _XINT3_ISR                      
1     00007070  _XIntruptRegs                   
0     0000828e  _XtalOscSel                     
1     00000800  __STACK_END                     
abs   00000380  __STACK_SIZE                    
1     00008e30  ___TI_cleanup_ptr               
1     00008e32  ___TI_dtors_ptr                 
1     00008e2e  ___TI_enable_exit_profile_output
abs   ffffffff  ___TI_pprof_out_hndl            
abs   ffffffff  ___TI_prof_data_size            
abs   ffffffff  ___TI_prof_data_start           
abs   ffffffff  ___binit__                      
abs   ffffffff  ___c_args__                     
0     00000050  ___cinit__                      
0     000085d6  ___etext__                      
abs   ffffffff  ___pinit__                      
0     00008000  ___text__                       
0     000085a9  __args_main                     
1     00008e34  __lock                          
0     000085ca  __nop                           
0     000085c6  __register_lock                 
0     000085c2  __register_unlock               
1     00000480  __stack                         
0     000085d5  __system_post_cinit             
0     000085d3  __system_pre_init               
1     00008e36  __unlock                        
0     000084af  _abort                          
0     0000845b  _c_int00                        
0     0000854f  _copy_in                        
0     000084b1  _exit                           
0     00008385  _fail                           
0     00008387  _i2c_int1a_isr                  
0     000082c0  _main                           
0     00008573  _memcpy                         
0     00008383  _pass                           
0     00008177  _rsvd_ISR                       
abs   ffffffff  binit                           
0     00000050  cinit                           
0     00000000  code_start                      
0     000085d6  etext                           
abs   ffffffff  pinit                           


GLOBAL SYMBOLS: SORTED BY Symbol Address 

page  address   name                            
----  -------   ----                            
0     00000000  code_start                      
0     00000050  ___cinit__                      
0     00000050  cinit                           
0     0000007c  _DSP28x_usDelay                 
0     00008000  .text                           
0     00008000  _INT13_ISR                      
0     00008000  ___text__                       
0     00008005  _INT14_ISR                      
0     0000800a  _DATALOG_ISR                    
0     0000800f  _RTOSINT_ISR                    
0     00008014  _EMUINT_ISR                     
0     00008019  _NMI_ISR                        
0     0000801e  _ILLEGAL_ISR                    
0     00008023  _USER1_ISR                      
0     00008028  _USER2_ISR                      
0     0000802d  _USER3_ISR                      
0     00008032  _USER4_ISR                      
0     00008037  _USER5_ISR                      
0     0000803c  _USER6_ISR                      
0     00008041  _USER7_ISR                      
0     00008046  _USER8_ISR                      
0     0000804b  _USER9_ISR                      
0     00008050  _USER10_ISR                     
0     00008055  _USER11_ISR                     
0     0000805a  _USER12_ISR                     
0     0000805f  _ADCINT1_ISR                    
0     00008064  _ADCINT2_ISR                    
0     00008069  _XINT1_ISR                      
0     0000806e  _XINT2_ISR                      
0     00008073  _ADCINT9_ISR                    
0     00008078  _TINT0_ISR                      
0     0000807d  _WAKEINT_ISR                    
0     00008082  _EPWM1_TZINT_ISR                
0     00008087  _EPWM2_TZINT_ISR                
0     0000808c  _EPWM3_TZINT_ISR                
0     00008091  _EPWM4_TZINT_ISR                
0     00008096  _EPWM5_TZINT_ISR                
0     0000809b  _EPWM6_TZINT_ISR                
0     000080a0  _EPWM7_TZINT_ISR                
0     000080a5  _EPWM1_INT_ISR                  
0     000080aa  _EPWM2_INT_ISR                  
0     000080af  _EPWM3_INT_ISR                  
0     000080b4  _EPWM4_INT_ISR                  
0     000080b9  _EPWM5_INT_ISR                  
0     000080be  _EPWM6_INT_ISR                  
0     000080c3  _EPWM7_INT_ISR                  
0     000080c8  _ECAP1_INT_ISR                  
0     000080cd  _HRCAP1_INT_ISR                 
0     000080d2  _HRCAP2_INT_ISR                 
0     000080d7  _EQEP1_INT_ISR                  
0     000080dc  _SPIRXINTA_ISR                  
0     000080e1  _SPITXINTA_ISR                  
0     000080e6  _SPIRXINTB_ISR                  
0     000080eb  _SPITXINTB_ISR                  
0     000080f0  _I2CINT1A_ISR                   
0     000080f5  _I2CINT2A_ISR                   
0     000080fa  _SCIRXINTA_ISR                  
0     000080ff  _SCITXINTA_ISR                  
0     00008104  _LIN0INTA_ISR                   
0     00008109  _LIN1INTA_ISR                   
0     0000810e  _ECAN0INTA_ISR                  
0     00008113  _ECAN1INTA_ISR                  
0     00008118  _ADCINT3_ISR                    
0     0000811d  _ADCINT4_ISR                    
0     00008122  _ADCINT5_ISR                    
0     00008127  _ADCINT6_ISR                    
0     0000812c  _ADCINT7_ISR                    
0     00008131  _ADCINT8_ISR                    
0     00008136  _CLA1_INT1_ISR                  
0     0000813b  _CLA1_INT2_ISR                  
0     00008140  _CLA1_INT3_ISR                  
0     00008145  _CLA1_INT4_ISR                  
0     0000814a  _CLA1_INT5_ISR                  
0     0000814f  _CLA1_INT6_ISR                  
0     00008154  _CLA1_INT7_ISR                  
0     00008159  _CLA1_INT8_ISR                  
0     0000815e  _XINT3_ISR                      
0     00008163  _LVF_ISR                        
0     00008168  _LUF_ISR                        
0     0000816d  _EMPTY_ISR                      
0     00008172  _PIE_RESERVED                   
0     00008177  _rsvd_ISR                       
0     0000817c  _InitSysCtrl                    
0     00008196  _ServiceDog                     
0     000081a0  _DisableDog                     
0     000081a8  _InitPll                        
0     000081fd  _InitPeripheralClocks           
0     00008239  _CsmUnlock                      
0     0000826a  _IntOsc1Sel                     
0     0000827a  _IntOsc2Sel                     
0     0000828e  _XtalOscSel                     
0     000082aa  _ExtOscSel                      
0     000082c0  _main                           
0     00008316  _I2CA_Init                      
0     00008329  _I2CA_WriteData                 
0     00008357  _I2CA_ReadData                  
0     00008383  _pass                           
0     00008385  _fail                           
0     00008387  _i2c_int1a_isr                  
0     00008401  FS$$MPY                         
0     0000845b  _c_int00                        
0     000084af  C$$EXIT                         
0     000084af  _abort                          
0     000084b1  _exit                           
0     000084d8  FS$$TOL                         
0     00008501  _InitPieCtrl                    
0     00008520  _EnableInterrupts               
0     00008529  _InitPieVectTable               
0     0000854f  _copy_in                        
0     00008573  _memcpy                         
0     00008590  _InitI2C                        
0     00008591  _InitI2CGpio                    
0     000085a9  __args_main                     
0     000085c2  __register_unlock               
0     000085c6  __register_lock                 
0     000085ca  __nop                           
0     000085d3  __system_pre_init               
0     000085d5  __system_post_cinit             
0     000085d6  ___etext__                      
0     000085d6  etext                           
1     00000480  __stack                         
1     00000800  __STACK_END                     
1     00000880  _DevEmuRegs                     
1     00000985  _SysPwrCtrlRegs                 
1     00000a80  _FlashRegs                      
1     00000ae0  _CsmRegs                        
1     00000b00  _AdcResult                      
1     00000c00  _CpuTimer0Regs                  
1     00000c08  _CpuTimer1Regs                  
1     00000c10  _CpuTimer2Regs                  
1     00000ce0  _PieCtrlRegs                    
1     00000d00  _EmuKey                         
1     00000d00  _PieVectTable                   
1     00000d01  _EmuBMode                       
1     00000d02  _Flash_CallbackPtr              
1     00000d04  _Flash_CPUScaleFactor           
1     00001400  _Cla1Regs                       
1     00006000  _ECanaRegs                      
1     00006040  _ECanaLAMRegs                   
1     00006080  _ECanaMOTSRegs                  
1     000060c0  _ECanaMOTORegs                  
1     00006100  _ECanaMboxes                    
1     00006400  _Comp1Regs                      
1     00006420  _Comp2Regs                      
1     00006440  _Comp3Regs                      
1     00006800  _EPwm1Regs                      
1     00006840  _EPwm2Regs                      
1     00006880  _EPwm3Regs                      
1     000068c0  _EPwm4Regs                      
1     00006900  _EPwm5Regs                      
1     00006940  _EPwm6Regs                      
1     00006980  _EPwm7Regs                      
1     00006a00  _ECap1Regs                      
1     00006ac0  _HRCap1Regs                     
1     00006ae0  _HRCap2Regs                     
1     00006b00  _EQep1Regs                      
1     00006c00  _LinaRegs                       
1     00006f80  _GpioCtrlRegs                   
1     00006fc0  _GpioDataRegs                   
1     00006fe0  _GpioIntRegs                    
1     00007010  _SysCtrlRegs                    
1     00007040  _SpiaRegs                       
1     00007050  _SciaRegs                       
1     00007060  _NmiIntruptRegs                 
1     00007070  _XIntruptRegs                   
1     00007100  _AdcRegs                        
1     00007740  _SpibRegs                       
1     00007900  _I2caRegs                       
1     00008d00  _PieVectTableInit               
1     00008e00  _CpuTimer1                      
1     00008e08  _CpuTimer2                      
1     00008e10  _CpuTimer0                      
1     00008e18  _PassCount                      
1     00008e19  _FailCount                      
1     00008e1a  _CurrentMsgPtr                  
1     00008e1c  _I2cMsgIn1                      
1     00008e25  _I2cMsgOut1                     
1     00008e2e  ___TI_enable_exit_profile_output
1     00008e30  ___TI_cleanup_ptr               
1     00008e32  ___TI_dtors_ptr                 
1     00008e34  __lock                          
1     00008e36  __unlock                        
1     003d7e80  _PartIdRegs                     
1     003f7ff8  _CsmPwl                         
abs   00000380  __STACK_SIZE                    
abs   ffffffff  ___TI_pprof_out_hndl            
abs   ffffffff  ___TI_prof_data_size            
abs   ffffffff  ___TI_prof_data_start           
abs   ffffffff  ___binit__                      
abs   ffffffff  ___c_args__                     
abs   ffffffff  ___pinit__                      
abs   ffffffff  binit                           
abs   ffffffff  pinit                           

[193 symbols]
