******************************************************************************
             TMS320C2000 Linker PC v16.9.1                     
******************************************************************************
>> Linked Tue Jan 24 10:47:04 2017

OUTPUT FILE NAME:   <Example_2803xEqep_pos_speed.out>
ENTRY POINT SYMBOL: "code_start"  address: 00000000


MEMORY CONFIGURATION

         name            origin    length      used     unused   attr    fill
----------------------  --------  ---------  --------  --------  ----  --------
PAGE 0:
  BEGIN                 00000000   00000002  00000002  00000000  RWIX
  RAMM0                 00000050   000003b0  00000041  0000036f  RWIX
  RAML0L1               00008000   00000d00  000006f0  00000610  RWIX
  IQTABLES              003fe000   00000b50  00000b50  00000000  RWIX
  IQTABLES2             003feb50   0000008c  00000000  0000008c  RWIX
  IQTABLES3             003febdc   000000aa  00000000  000000aa  RWIX
  BOOTROM               003ff27c   00000d44  00000000  00000d44  RWIX
  RESET                 003fffc0   00000002  00000000  00000002  RWIX

PAGE 1:
  BOOT_RSVD             00000002   0000004e  00000000  0000004e  RWIX
  RAMM1                 00000480   00000380  00000380  00000000  RWIX
  DEV_EMU               00000880   00000105  00000004  00000101  RWIX
  SYS_PWR_CTL           00000985   00000003  00000003  00000000  RWIX
  FLASH_REGS            00000a80   00000060  00000008  00000058  RWIX
  CSM                   00000ae0   00000010  00000010  00000000  RWIX
  ADC_RESULT            00000b00   00000020  00000020  00000000  RWIX
  CPU_TIMER0            00000c00   00000008  00000008  00000000  RWIX
  CPU_TIMER1            00000c08   00000008  00000008  00000000  RWIX
  CPU_TIMER2            00000c10   00000008  00000008  00000000  RWIX
  PIE_CTRL              00000ce0   00000020  0000001a  00000006  RWIX
  PIE_VECT              00000d00   00000100  00000100  00000000  RWIX
  CLA1                  00001400   00000080  00000040  00000040  RWIX
  ECANA                 00006000   00000040  00000034  0000000c  RWIX
  ECANA_LAM             00006040   00000040  00000040  00000000  RWIX
  ECANA_MOTS            00006080   00000040  00000040  00000000  RWIX
  ECANA_MOTO            000060c0   00000040  00000040  00000000  RWIX
  ECANA_MBOX            00006100   00000100  00000100  00000000  RWIX
  COMP1                 00006400   00000020  00000014  0000000c  RWIX
  COMP2                 00006420   00000020  00000014  0000000c  RWIX
  COMP3                 00006440   00000020  00000014  0000000c  RWIX
  EPWM1                 00006800   00000040  00000040  00000000  RWIX
  EPWM2                 00006840   00000040  00000040  00000000  RWIX
  EPWM3                 00006880   00000040  00000040  00000000  RWIX
  EPWM4                 000068c0   00000040  00000040  00000000  RWIX
  EPWM5                 00006900   00000040  00000040  00000000  RWIX
  EPWM6                 00006940   00000040  00000040  00000000  RWIX
  EPWM7                 00006980   00000040  00000040  00000000  RWIX
  ECAP1                 00006a00   00000020  00000020  00000000  RWIX
  HRCAP1                00006ac0   00000020  00000020  00000000  RWIX
  HRCAP2                00006ae0   00000020  00000020  00000000  RWIX
  EQEP1                 00006b00   00000040  00000040  00000000  RWIX
  LINA                  00006c00   00000080  0000004a  00000036  RWIX
  GPIOCTRL              00006f80   00000040  00000040  00000000  RWIX
  GPIODAT               00006fc0   00000020  00000020  00000000  RWIX
  GPIOINT               00006fe0   00000020  0000000c  00000014  RWIX
  SYSTEM                00007010   00000020  00000020  00000000  RWIX
  SPIA                  00007040   00000010  00000010  00000000  RWIX
  SCIA                  00007050   00000010  00000010  00000000  RWIX
  NMIINTRUPT            00007060   00000010  00000010  00000000  RWIX
  XINTRUPT              00007070   00000010  00000010  00000000  RWIX
  ADC                   00007100   00000080  00000050  00000030  RWIX
  SPIB                  00007740   00000010  00000010  00000000  RWIX
  I2CA                  00007900   00000040  00000022  0000001e  RWIX
  RAML2                 00008d00   00000300  00000128  000001d8  RWIX
  RAML3                 00009000   00001000  00000000  00001000  RWIX
  PARTID                003d7e80   00000001  00000001  00000000  RWIX
  CSM_PWL               003f7ff8   00000008  00000008  00000000  RWIX


SECTION ALLOCATION MAP

 output                                  attributes/
section   page    origin      length       input sections
--------  ----  ----------  ----------   ----------------
codestart 
*          0    00000000    00000002     
                  00000000    00000002     DSP2803x_CodeStartBranch.obj (codestart)

.cinit     0    00000050    0000003d     
                  00000050    00000023     Example_2803xEqep_pos_speed.obj (.cinit)
                  00000073    0000000e     rts2800_ml.lib : exit.obj (.cinit)
                  00000081    00000005                    : _lock.obj (.cinit:__lock)
                  00000086    00000005                    : _lock.obj (.cinit:__unlock)
                  0000008b    00000002     --HOLE-- [fill = 0]

ramfuncs   0    0000008d    00000004     
                  0000008d    00000004     DSP2803x_usDelay.obj (ramfuncs)

.text      0    00008000    000006a9     
                  00008000    0000017c     DSP2803x_DefaultIsr.obj (.text:retain)
                  0000817c    00000144     DSP2803x_SysCtrl.obj (.text)
                  000082c0    00000129     Example_posspeed.obj (.text)
                  000083e9    000000c4     DSP2803x_EPwm.obj (.text)
                  000084ad    00000054     rts2800_ml.lib : boot28.obj (.text)
                  00008501    0000003e     Example_2803xEqep_pos_speed.obj (.text:retain)
                  0000853f    00000034     Example_2803xEqep_pos_speed.obj (.text)
                  00008573    0000002e     DSP2803x_EQep.obj (.text)
                  000085a1    00000029     rts2800_ml.lib : exit.obj (.text)
                  000085ca    00000028     DSP2803x_PieCtrl.obj (.text)
                  000085f2    00000026     DSP2803x_PieVect.obj (.text)
                  00008618    00000024     rts2800_ml.lib : cpy_tbl.obj (.text)
                  0000863c    00000023     Example_EPwmSetup.obj (.text)
                  0000865f    0000001d     rts2800_ml.lib : memcpy.obj (.text)
                  0000867c    00000019                    : args_main.obj (.text)
                  00008695    00000009                    : _lock.obj (.text)
                  0000869e    00000008     DSP2803x_CodeStartBranch.obj (.text)
                  000086a6    00000002     rts2800_ml.lib : pre_init.obj (.text)
                  000086a8    00000001                    : startup.obj (.text)

.pinit     0    00000050    00000000     UNINITIALIZED

.reset     0    003fffc0    00000002     DSECT
                  003fffc0    00000002     rts2800_ml.lib : boot28.obj (.reset)

IQmath     0    000086a9    00000047     
                  000086a9    00000047     IQmath.lib : IQ24div.obj (IQmath)

IQmathTables 
*          0    003fe000    00000b50     NOLOAD SECTION
                  003fe000    00000b50     IQmath.lib : IQmathTables.obj (IQmathTables)

.stack     1    00000480    00000380     UNINITIALIZED
                  00000480    00000380     --HOLE--

DevEmuRegsFile 
*          1    00000880    00000004     UNINITIALIZED
                  00000880    00000004     DSP2803x_GlobalVariableDefs.obj (DevEmuRegsFile)

SysPwrCtrlRegsFile 
*          1    00000985    00000003     UNINITIALIZED
                  00000985    00000003     DSP2803x_GlobalVariableDefs.obj (SysPwrCtrlRegsFile)

FlashRegsFile 
*          1    00000a80    00000008     UNINITIALIZED
                  00000a80    00000008     DSP2803x_GlobalVariableDefs.obj (FlashRegsFile)

CsmRegsFile 
*          1    00000ae0    00000010     UNINITIALIZED
                  00000ae0    00000010     DSP2803x_GlobalVariableDefs.obj (CsmRegsFile)

AdcResultFile 
*          1    00000b00    00000020     UNINITIALIZED
                  00000b00    00000020     DSP2803x_GlobalVariableDefs.obj (AdcResultFile)

CpuTimer0RegsFile 
*          1    00000c00    00000008     UNINITIALIZED
                  00000c00    00000008     DSP2803x_GlobalVariableDefs.obj (CpuTimer0RegsFile)

CpuTimer1RegsFile 
*          1    00000c08    00000008     UNINITIALIZED
                  00000c08    00000008     DSP2803x_GlobalVariableDefs.obj (CpuTimer1RegsFile)

CpuTimer2RegsFile 
*          1    00000c10    00000008     UNINITIALIZED
                  00000c10    00000008     DSP2803x_GlobalVariableDefs.obj (CpuTimer2RegsFile)

PieCtrlRegsFile 
*          1    00000ce0    0000001a     UNINITIALIZED
                  00000ce0    0000001a     DSP2803x_GlobalVariableDefs.obj (PieCtrlRegsFile)

PieVectTableFile 
*          1    00000d00    00000100     UNINITIALIZED
                  00000d00    00000100     DSP2803x_GlobalVariableDefs.obj (PieVectTableFile)

EmuKeyVar 
*          1    00000d00    00000001     UNINITIALIZED
                  00000d00    00000001     DSP2803x_GlobalVariableDefs.obj (EmuKeyVar)

EmuBModeVar 
*          1    00000d01    00000001     UNINITIALIZED
                  00000d01    00000001     DSP2803x_GlobalVariableDefs.obj (EmuBModeVar)

FlashCallbackVar 
*          1    00000d02    00000002     UNINITIALIZED
                  00000d02    00000002     DSP2803x_GlobalVariableDefs.obj (FlashCallbackVar)

FlashScalingVar 
*          1    00000d04    00000002     UNINITIALIZED
                  00000d04    00000002     DSP2803x_GlobalVariableDefs.obj (FlashScalingVar)

Cla1RegsFile 
*          1    00001400    00000040     UNINITIALIZED
                  00001400    00000040     DSP2803x_GlobalVariableDefs.obj (Cla1RegsFile)

ECanaRegsFile 
*          1    00006000    00000034     UNINITIALIZED
                  00006000    00000034     DSP2803x_GlobalVariableDefs.obj (ECanaRegsFile)

ECanaLAMRegsFile 
*          1    00006040    00000040     UNINITIALIZED
                  00006040    00000040     DSP2803x_GlobalVariableDefs.obj (ECanaLAMRegsFile)

ECanaMOTSRegsFile 
*          1    00006080    00000040     UNINITIALIZED
                  00006080    00000040     DSP2803x_GlobalVariableDefs.obj (ECanaMOTSRegsFile)

ECanaMOTORegsFile 
*          1    000060c0    00000040     UNINITIALIZED
                  000060c0    00000040     DSP2803x_GlobalVariableDefs.obj (ECanaMOTORegsFile)

ECanaMboxesFile 
*          1    00006100    00000100     UNINITIALIZED
                  00006100    00000100     DSP2803x_GlobalVariableDefs.obj (ECanaMboxesFile)

Comp1RegsFile 
*          1    00006400    00000014     UNINITIALIZED
                  00006400    00000014     DSP2803x_GlobalVariableDefs.obj (Comp1RegsFile)

Comp2RegsFile 
*          1    00006420    00000014     UNINITIALIZED
                  00006420    00000014     DSP2803x_GlobalVariableDefs.obj (Comp2RegsFile)

Comp3RegsFile 
*          1    00006440    00000014     UNINITIALIZED
                  00006440    00000014     DSP2803x_GlobalVariableDefs.obj (Comp3RegsFile)

EPwm1RegsFile 
*          1    00006800    00000040     UNINITIALIZED
                  00006800    00000040     DSP2803x_GlobalVariableDefs.obj (EPwm1RegsFile)

EPwm2RegsFile 
*          1    00006840    00000040     UNINITIALIZED
                  00006840    00000040     DSP2803x_GlobalVariableDefs.obj (EPwm2RegsFile)

EPwm3RegsFile 
*          1    00006880    00000040     UNINITIALIZED
                  00006880    00000040     DSP2803x_GlobalVariableDefs.obj (EPwm3RegsFile)

EPwm4RegsFile 
*          1    000068c0    00000040     UNINITIALIZED
                  000068c0    00000040     DSP2803x_GlobalVariableDefs.obj (EPwm4RegsFile)

EPwm5RegsFile 
*          1    00006900    00000040     UNINITIALIZED
                  00006900    00000040     DSP2803x_GlobalVariableDefs.obj (EPwm5RegsFile)

EPwm6RegsFile 
*          1    00006940    00000040     UNINITIALIZED
                  00006940    00000040     DSP2803x_GlobalVariableDefs.obj (EPwm6RegsFile)

EPwm7RegsFile 
*          1    00006980    00000040     UNINITIALIZED
                  00006980    00000040     DSP2803x_GlobalVariableDefs.obj (EPwm7RegsFile)

ECap1RegsFile 
*          1    00006a00    00000020     UNINITIALIZED
                  00006a00    00000020     DSP2803x_GlobalVariableDefs.obj (ECap1RegsFile)

HRCap1RegsFile 
*          1    00006ac0    00000020     UNINITIALIZED
                  00006ac0    00000020     DSP2803x_GlobalVariableDefs.obj (HRCap1RegsFile)

HRCap2RegsFile 
*          1    00006ae0    00000020     UNINITIALIZED
                  00006ae0    00000020     DSP2803x_GlobalVariableDefs.obj (HRCap2RegsFile)

EQep1RegsFile 
*          1    00006b00    00000040     UNINITIALIZED
                  00006b00    00000040     DSP2803x_GlobalVariableDefs.obj (EQep1RegsFile)

LinaRegsFile 
*          1    00006c00    0000004a     UNINITIALIZED
                  00006c00    0000004a     DSP2803x_GlobalVariableDefs.obj (LinaRegsFile)

GpioCtrlRegsFile 
*          1    00006f80    00000040     UNINITIALIZED
                  00006f80    00000040     DSP2803x_GlobalVariableDefs.obj (GpioCtrlRegsFile)

GpioDataRegsFile 
*          1    00006fc0    00000020     UNINITIALIZED
                  00006fc0    00000020     DSP2803x_GlobalVariableDefs.obj (GpioDataRegsFile)

GpioIntRegsFile 
*          1    00006fe0    0000000c     UNINITIALIZED
                  00006fe0    0000000c     DSP2803x_GlobalVariableDefs.obj (GpioIntRegsFile)

SysCtrlRegsFile 
*          1    00007010    00000020     UNINITIALIZED
                  00007010    00000020     DSP2803x_GlobalVariableDefs.obj (SysCtrlRegsFile)

SpiaRegsFile 
*          1    00007040    00000010     UNINITIALIZED
                  00007040    00000010     DSP2803x_GlobalVariableDefs.obj (SpiaRegsFile)

SciaRegsFile 
*          1    00007050    00000010     UNINITIALIZED
                  00007050    00000010     DSP2803x_GlobalVariableDefs.obj (SciaRegsFile)

NmiIntruptRegsFile 
*          1    00007060    00000010     UNINITIALIZED
                  00007060    00000010     DSP2803x_GlobalVariableDefs.obj (NmiIntruptRegsFile)

XIntruptRegsFile 
*          1    00007070    00000010     UNINITIALIZED
                  00007070    00000010     DSP2803x_GlobalVariableDefs.obj (XIntruptRegsFile)

AdcRegsFile 
*          1    00007100    00000050     UNINITIALIZED
                  00007100    00000050     DSP2803x_GlobalVariableDefs.obj (AdcRegsFile)

SpibRegsFile 
*          1    00007740    00000010     UNINITIALIZED
                  00007740    00000010     DSP2803x_GlobalVariableDefs.obj (SpibRegsFile)

I2caRegsFile 
*          1    00007900    00000022     UNINITIALIZED
                  00007900    00000022     DSP2803x_GlobalVariableDefs.obj (I2caRegsFile)

.econst    1    00008d00    00000100     
                  00008d00    00000100     DSP2803x_PieVect.obj (.econst:_PieVectTableInit)

.ebss      1    00008e00    00000028     UNINITIALIZED
                  00008e00    0000001e     Example_2803xEqep_pos_speed.obj (.ebss)
                  00008e1e    00000006     rts2800_ml.lib : exit.obj (.ebss)
                  00008e24    00000002                    : _lock.obj (.ebss:__lock)
                  00008e26    00000002                    : _lock.obj (.ebss:__unlock)

PartIdRegsFile 
*          1    003d7e80    00000001     UNINITIALIZED
                  003d7e80    00000001     DSP2803x_GlobalVariableDefs.obj (PartIdRegsFile)

CsmPwlFile 
*          1    003f7ff8    00000008     UNINITIALIZED
                  003f7ff8    00000008     DSP2803x_GlobalVariableDefs.obj (CsmPwlFile)

MODULE SUMMARY

       Module                            code   initialized data   uninitialized data
       ------                            ----   ----------------   ------------------
    .\
       DSP2803x_GlobalVariableDefs.obj   0      0                  2024              
       DSP2803x_DefaultIsr.obj           380    0                  0                 
       DSP2803x_SysCtrl.obj              324    0                  0                 
       Example_posspeed.obj              297    0                  0                 
       DSP2803x_PieVect.obj              38     256                0                 
       DSP2803x_EPwm.obj                 196    0                  0                 
       Example_2803xEqep_pos_speed.obj   114    35                 30                
       DSP2803x_EQep.obj                 46     0                  0                 
       DSP2803x_PieCtrl.obj              40     0                  0                 
       Example_EPwmSetup.obj             35     0                  0                 
       DSP2803x_CodeStartBranch.obj      10     0                  0                 
       DSP2803x_usDelay.obj              4      0                  0                 
    +--+---------------------------------+------+------------------+--------------------+
       Total:                            1484   291                2054              
                                                                                     
    C:/ti/ccsv7/tools/compiler/ti-cgt-c2000_16.9.1.LTS/lib/rts2800_ml.lib
       boot28.obj                        84     0                  0                 
       exit.obj                          41     14                 6                 
       cpy_tbl.obj                       36     0                  0                 
       memcpy.obj                        29     0                  0                 
       args_main.obj                     25     0                  0                 
       _lock.obj                         9      10                 4                 
       pre_init.obj                      2      0                  0                 
       startup.obj                       1      0                  0                 
    +--+---------------------------------+------+------------------+--------------------+
       Total:                            227    24                 10                
                                                                                     
    C:/ti/controlSUITE/libs/math/IQmath/v160/lib/IQmath.lib
       IQmathTables.obj                  0      2896               0                 
       IQ24div.obj                       0      71                 0                 
    +--+---------------------------------+------+------------------+--------------------+
       Total:                            0      2967               0                 
                                                                                     
       Stack:                            0      0                  896               
    +--+---------------------------------+------+------------------+--------------------+
       Grand Total:                      1711   3282               2960              


GLOBAL DATA SYMBOLS: SORTED BY DATA PAGE

address     data page           name
--------    ----------------    ----
00000480      12 (00000480)     __stack

00000880      22 (00000880)     _DevEmuRegs

00000985      26 (00000980)     _SysPwrCtrlRegs

00000a80      2a (00000a80)     _FlashRegs

00000ae0      2b (00000ac0)     _CsmRegs

00000b00      2c (00000b00)     _AdcResult

00000c00      30 (00000c00)     _CpuTimer0Regs
00000c08      30 (00000c00)     _CpuTimer1Regs
00000c10      30 (00000c00)     _CpuTimer2Regs

00000ce0      33 (00000cc0)     _PieCtrlRegs

00000d00      34 (00000d00)     _EmuKey
00000d00      34 (00000d00)     _PieVectTable
00000d01      34 (00000d00)     _EmuBMode
00000d02      34 (00000d00)     _Flash_CallbackPtr
00000d04      34 (00000d00)     _Flash_CPUScaleFactor

00001400      50 (00001400)     _Cla1Regs

00006000     180 (00006000)     _ECanaRegs

00006040     181 (00006040)     _ECanaLAMRegs

00006080     182 (00006080)     _ECanaMOTSRegs

000060c0     183 (000060c0)     _ECanaMOTORegs

00006100     184 (00006100)     _ECanaMboxes

00006400     190 (00006400)     _Comp1Regs
00006420     190 (00006400)     _Comp2Regs

00006440     191 (00006440)     _Comp3Regs

00006800     1a0 (00006800)     _EPwm1Regs

00006840     1a1 (00006840)     _EPwm2Regs

00006880     1a2 (00006880)     _EPwm3Regs

000068c0     1a3 (000068c0)     _EPwm4Regs

00006900     1a4 (00006900)     _EPwm5Regs

00006940     1a5 (00006940)     _EPwm6Regs

00006980     1a6 (00006980)     _EPwm7Regs

00006a00     1a8 (00006a00)     _ECap1Regs

00006ac0     1ab (00006ac0)     _HRCap1Regs
00006ae0     1ab (00006ac0)     _HRCap2Regs

00006b00     1ac (00006b00)     _EQep1Regs

00006c00     1b0 (00006c00)     _LinaRegs

00006f80     1be (00006f80)     _GpioCtrlRegs

00006fc0     1bf (00006fc0)     _GpioDataRegs
00006fe0     1bf (00006fc0)     _GpioIntRegs

00007010     1c0 (00007000)     _SysCtrlRegs

00007040     1c1 (00007040)     _SpiaRegs
00007050     1c1 (00007040)     _SciaRegs
00007060     1c1 (00007040)     _NmiIntruptRegs
00007070     1c1 (00007040)     _XIntruptRegs

00007100     1c4 (00007100)     _AdcRegs

00007740     1dd (00007740)     _SpibRegs

00007900     1e4 (00007900)     _I2caRegs

000086a9     21a (00008680)     __IQ24div

00008d00     234 (00008d00)     _PieVectTableInit

00008e00     238 (00008e00)     _Interrupt_Count
00008e02     238 (00008e00)     _qep_posspeed
00008e1e     238 (00008e00)     ___TI_enable_exit_profile_output
00008e20     238 (00008e00)     ___TI_cleanup_ptr
00008e22     238 (00008e00)     ___TI_dtors_ptr
00008e24     238 (00008e00)     __lock
00008e26     238 (00008e00)     __unlock

003d7e80    f5fa (003d7e80)     _PartIdRegs

003f7ff8    fdff (003f7fc0)     _CsmPwl

003fe000    ff80 (003fe000)     _IQsinTable

003fe100    ff84 (003fe100)     _IQcosTable

003fe400    ff90 (003fe400)     _IQsinTableEnd

003fe502    ff94 (003fe500)     _IQcosTableEnd
003fe502    ff94 (003fe500)     _IQdivRoundSatTable
003fe510    ff94 (003fe500)     _IQdivTable

003fe712    ff9c (003fe700)     _IQdivTableEnd
003fe712    ff9c (003fe700)     _IQisqrtRoundSatTable
003fe712    ff9c (003fe700)     _IQsqrtRoundSatTable
003fe722    ff9c (003fe700)     _IQisqrtTable
003fe722    ff9c (003fe700)     _IQsqrtTable

003fe824    ffa0 (003fe800)     _IQatan2HalfPITable
003fe824    ffa0 (003fe800)     _IQisqrtTableEnd
003fe824    ffa0 (003fe800)     _IQsqrtTableEnd

003fe862    ffa1 (003fe840)     _IQatan2Table

003fe9e8    ffa7 (003fe9c0)     _IQ30mpyRndSatTable
003fe9e8    ffa7 (003fe9c0)     _IQatan2TableEnd
003fe9e8    ffa7 (003fe9c0)     _IQmpyRndSatTable
003fe9f4    ffa7 (003fe9c0)     _IQ29mpyRndSatTable

003fea00    ffa8 (003fea00)     _IQ28mpyRndSatTable
003fea0c    ffa8 (003fea00)     _IQ27mpyRndSatTable
003fea18    ffa8 (003fea00)     _IQ26mpyRndSatTable
003fea24    ffa8 (003fea00)     _IQ25mpyRndSatTable
003fea30    ffa8 (003fea00)     _IQ24mpyRndSatTable
003fea3c    ffa8 (003fea00)     _IQ23mpyRndSatTable

003fea48    ffa9 (003fea40)     _IQ22mpyRndSatTable
003fea54    ffa9 (003fea40)     _IQ21mpyRndSatTable
003fea60    ffa9 (003fea40)     _IQ20mpyRndSatTable
003fea6c    ffa9 (003fea40)     _IQ19mpyRndSatTable
003fea78    ffa9 (003fea40)     _IQ18mpyRndSatTable

003fea84    ffaa (003fea80)     _IQ17mpyRndSatTable
003fea90    ffaa (003fea80)     _IQ16mpyRndSatTable
003fea9c    ffaa (003fea80)     _IQ15mpyRndSatTable
003feaa8    ffaa (003fea80)     _IQ14mpyRndSatTable
003feab4    ffaa (003fea80)     _IQ13mpyRndSatTable

003feac0    ffab (003feac0)     _IQ12mpyRndSatTable
003feacc    ffab (003feac0)     _IQ11mpyRndSatTable
003fead8    ffab (003feac0)     _IQ10mpyRndSatTable
003feae4    ffab (003feac0)     _IQ9mpyRndSatTable
003feaf0    ffab (003feac0)     _IQ8mpyRndSatTable
003feafc    ffab (003feac0)     _IQ7mpyRndSatTable

003feb08    ffac (003feb00)     _IQ6mpyRndSatTable
003feb14    ffac (003feb00)     _IQ5mpyRndSatTable
003feb20    ffac (003feb00)     _IQ4mpyRndSatTable
003feb2c    ffac (003feb00)     _IQ3mpyRndSatTable
003feb38    ffac (003feb00)     _IQ2mpyRndSatTable

003feb44    ffad (003feb40)     _IQ1mpyRndSatTable
003feb50    ffad (003feb40)     _IQmpyRndSatTableEnd


GLOBAL SYMBOLS: SORTED ALPHABETICALLY BY Name 

page  address   name                            
----  -------   ----                            
0     00008000  .text                           
0     000085a1  C$$EXIT                         
0     0000805f  _ADCINT1_ISR                    
0     00008064  _ADCINT2_ISR                    
0     00008118  _ADCINT3_ISR                    
0     0000811d  _ADCINT4_ISR                    
0     00008122  _ADCINT5_ISR                    
0     00008127  _ADCINT6_ISR                    
0     0000812c  _ADCINT7_ISR                    
0     00008131  _ADCINT8_ISR                    
0     00008073  _ADCINT9_ISR                    
1     00007100  _AdcRegs                        
1     00000b00  _AdcResult                      
0     00008136  _CLA1_INT1_ISR                  
0     0000813b  _CLA1_INT2_ISR                  
0     00008140  _CLA1_INT3_ISR                  
0     00008145  _CLA1_INT4_ISR                  
0     0000814a  _CLA1_INT5_ISR                  
0     0000814f  _CLA1_INT6_ISR                  
0     00008154  _CLA1_INT7_ISR                  
0     00008159  _CLA1_INT8_ISR                  
1     00001400  _Cla1Regs                       
1     00006400  _Comp1Regs                      
1     00006420  _Comp2Regs                      
1     00006440  _Comp3Regs                      
1     00000c00  _CpuTimer0Regs                  
1     00000c08  _CpuTimer1Regs                  
1     00000c10  _CpuTimer2Regs                  
1     003f7ff8  _CsmPwl                         
1     00000ae0  _CsmRegs                        
0     00008239  _CsmUnlock                      
0     0000800a  _DATALOG_ISR                    
0     0000008d  _DSP28x_usDelay                 
1     00000880  _DevEmuRegs                     
0     000081a0  _DisableDog                     
0     0000810e  _ECAN0INTA_ISR                  
0     00008113  _ECAN1INTA_ISR                  
0     000080c8  _ECAP1_INT_ISR                  
1     00006040  _ECanaLAMRegs                   
1     000060c0  _ECanaMOTORegs                  
1     00006080  _ECanaMOTSRegs                  
1     00006100  _ECanaMboxes                    
1     00006000  _ECanaRegs                      
1     00006a00  _ECap1Regs                      
0     0000816d  _EMPTY_ISR                      
0     00008014  _EMUINT_ISR                     
0     000080a5  _EPWM1_INT_ISR                  
0     00008082  _EPWM1_TZINT_ISR                
0     000080aa  _EPWM2_INT_ISR                  
0     00008087  _EPWM2_TZINT_ISR                
0     000080af  _EPWM3_INT_ISR                  
0     0000808c  _EPWM3_TZINT_ISR                
0     000080b4  _EPWM4_INT_ISR                  
0     00008091  _EPWM4_TZINT_ISR                
0     000080b9  _EPWM5_INT_ISR                  
0     00008096  _EPWM5_TZINT_ISR                
0     000080be  _EPWM6_INT_ISR                  
0     0000809b  _EPWM6_TZINT_ISR                
0     000080c3  _EPWM7_INT_ISR                  
0     000080a0  _EPWM7_TZINT_ISR                
1     00006800  _EPwm1Regs                      
1     00006840  _EPwm2Regs                      
1     00006880  _EPwm3Regs                      
1     000068c0  _EPwm4Regs                      
1     00006900  _EPwm5Regs                      
1     00006940  _EPwm6Regs                      
1     00006980  _EPwm7Regs                      
0     000080d7  _EQEP1_INT_ISR                  
1     00006b00  _EQep1Regs                      
1     00000d01  _EmuBMode                       
1     00000d00  _EmuKey                         
0     000085e9  _EnableInterrupts               
0     000082aa  _ExtOscSel                      
1     00000a80  _FlashRegs                      
1     00000d04  _Flash_CPUScaleFactor           
1     00000d02  _Flash_CallbackPtr              
1     00006f80  _GpioCtrlRegs                   
1     00006fc0  _GpioDataRegs                   
1     00006fe0  _GpioIntRegs                    
0     000080cd  _HRCAP1_INT_ISR                 
0     000080d2  _HRCAP2_INT_ISR                 
1     00006ac0  _HRCap1Regs                     
1     00006ae0  _HRCap2Regs                     
0     000080f0  _I2CINT1A_ISR                   
0     000080f5  _I2CINT2A_ISR                   
1     00007900  _I2caRegs                       
0     0000801e  _ILLEGAL_ISR                    
0     00008000  _INT13_ISR                      
0     00008005  _INT14_ISR                      
0     003fead8  _IQ10mpyRndSatTable             
0     003feacc  _IQ11mpyRndSatTable             
0     003feac0  _IQ12mpyRndSatTable             
0     003feab4  _IQ13mpyRndSatTable             
0     003feaa8  _IQ14mpyRndSatTable             
0     003fea9c  _IQ15mpyRndSatTable             
0     003fea90  _IQ16mpyRndSatTable             
0     003fea84  _IQ17mpyRndSatTable             
0     003fea78  _IQ18mpyRndSatTable             
0     003fea6c  _IQ19mpyRndSatTable             
0     003feb44  _IQ1mpyRndSatTable              
0     003fea60  _IQ20mpyRndSatTable             
0     003fea54  _IQ21mpyRndSatTable             
0     003fea48  _IQ22mpyRndSatTable             
0     003fea3c  _IQ23mpyRndSatTable             
0     003fea30  _IQ24mpyRndSatTable             
0     003fea24  _IQ25mpyRndSatTable             
0     003fea18  _IQ26mpyRndSatTable             
0     003fea0c  _IQ27mpyRndSatTable             
0     003fea00  _IQ28mpyRndSatTable             
0     003fe9f4  _IQ29mpyRndSatTable             
0     003feb38  _IQ2mpyRndSatTable              
0     003fe9e8  _IQ30mpyRndSatTable             
0     003feb2c  _IQ3mpyRndSatTable              
0     003feb20  _IQ4mpyRndSatTable              
0     003feb14  _IQ5mpyRndSatTable              
0     003feb08  _IQ6mpyRndSatTable              
0     003feafc  _IQ7mpyRndSatTable              
0     003feaf0  _IQ8mpyRndSatTable              
0     003feae4  _IQ9mpyRndSatTable              
0     003fe824  _IQatan2HalfPITable             
0     003fe862  _IQatan2Table                   
0     003fe9e8  _IQatan2TableEnd                
0     003fe100  _IQcosTable                     
0     003fe502  _IQcosTableEnd                  
0     003fe502  _IQdivRoundSatTable             
0     003fe510  _IQdivTable                     
0     003fe712  _IQdivTableEnd                  
0     003fe712  _IQisqrtRoundSatTable           
0     003fe722  _IQisqrtTable                   
0     003fe824  _IQisqrtTableEnd                
0     003fe9e8  _IQmpyRndSatTable               
0     003feb50  _IQmpyRndSatTableEnd            
0     003fe000  _IQsinTable                     
0     003fe400  _IQsinTableEnd                  
0     003fe712  _IQsqrtRoundSatTable            
0     003fe722  _IQsqrtTable                    
0     003fe824  _IQsqrtTableEnd                 
0     000083e9  _InitEPwm                       
0     000083f9  _InitEPwm1Gpio                  
0     0000840b  _InitEPwm2Gpio                  
0     0000841d  _InitEPwm3Gpio                  
0     00008431  _InitEPwm4Gpio                  
0     00008445  _InitEPwm5Gpio                  
0     00008457  _InitEPwm6Gpio                  
0     00008469  _InitEPwm7Gpio                  
0     000083ea  _InitEPwmGpio                   
0     0000847b  _InitEPwmSyncGpio               
0     00008573  _InitEQep                       
0     00008577  _InitEQep1Gpio                  
0     00008574  _InitEQepGpio                   
0     000081fd  _InitPeripheralClocks           
0     000085ca  _InitPieCtrl                    
0     000085f2  _InitPieVectTable               
0     000081a8  _InitPll                        
0     0000817c  _InitSysCtrl                    
0     0000848c  _InitTzGpio                     
0     0000826a  _IntOsc1Sel                     
0     0000827a  _IntOsc2Sel                     
1     00008e00  _Interrupt_Count                
0     00008104  _LIN0INTA_ISR                   
0     00008109  _LIN1INTA_ISR                   
0     00008168  _LUF_ISR                        
0     00008163  _LVF_ISR                        
1     00006c00  _LinaRegs                       
0     00008019  _NMI_ISR                        
1     00007060  _NmiIntruptRegs                 
0     00008172  _PIE_RESERVED                   
0     000082e2  _POSSPEED_Calc                  
0     000082c0  _POSSPEED_Init                  
1     003d7e80  _PartIdRegs                     
1     00000ce0  _PieCtrlRegs                    
1     00000d00  _PieVectTable                   
1     00008d00  _PieVectTableInit               
0     0000800f  _RTOSINT_ISR                    
0     000080fa  _SCIRXINTA_ISR                  
0     000080ff  _SCITXINTA_ISR                  
0     000080dc  _SPIRXINTA_ISR                  
0     000080e6  _SPIRXINTB_ISR                  
0     000080e1  _SPITXINTA_ISR                  
0     000080eb  _SPITXINTB_ISR                  
1     00007050  _SciaRegs                       
0     00008196  _ServiceDog                     
1     00007040  _SpiaRegs                       
1     00007740  _SpibRegs                       
1     00007010  _SysCtrlRegs                    
1     00000985  _SysPwrCtrlRegs                 
0     00008078  _TINT0_ISR                      
0     00008050  _USER10_ISR                     
0     00008055  _USER11_ISR                     
0     0000805a  _USER12_ISR                     
0     00008023  _USER1_ISR                      
0     00008028  _USER2_ISR                      
0     0000802d  _USER3_ISR                      
0     00008032  _USER4_ISR                      
0     00008037  _USER5_ISR                      
0     0000803c  _USER6_ISR                      
0     00008041  _USER7_ISR                      
0     00008046  _USER8_ISR                      
0     0000804b  _USER9_ISR                      
0     0000807d  _WAKEINT_ISR                    
0     00008069  _XINT1_ISR                      
0     0000806e  _XINT2_ISR                      
0     0000815e  _XINT3_ISR                      
1     00007070  _XIntruptRegs                   
0     0000828e  _XtalOscSel                     
0     000086a9  __IQ24div                       
1     00000800  __STACK_END                     
abs   00000380  __STACK_SIZE                    
1     00008e20  ___TI_cleanup_ptr               
1     00008e22  ___TI_dtors_ptr                 
1     00008e1e  ___TI_enable_exit_profile_output
abs   ffffffff  ___TI_pprof_out_hndl            
abs   ffffffff  ___TI_prof_data_size            
abs   ffffffff  ___TI_prof_data_start           
abs   ffffffff  ___binit__                      
abs   ffffffff  ___c_args__                     
0     00000050  ___cinit__                      
0     000086a9  ___etext__                      
abs   ffffffff  ___pinit__                      
0     00008000  ___text__                       
0     0000867c  __args_main                     
1     00008e24  __lock                          
0     0000869d  __nop                           
0     00008699  __register_lock                 
0     00008695  __register_unlock               
1     00000480  __stack                         
0     000086a8  __system_post_cinit             
0     000086a6  __system_pre_init               
1     00008e26  __unlock                        
0     000085a1  _abort                          
0     000084ad  _c_int00                        
0     00008618  _copy_in                        
0     000085a3  _exit                           
0     0000863c  _initEpwm                       
0     0000853f  _main                           
0     0000865f  _memcpy                         
0     00008501  _prdTick                        
1     00008e02  _qep_posspeed                   
0     00008177  _rsvd_ISR                       
abs   ffffffff  binit                           
0     00000050  cinit                           
0     00000000  code_start                      
0     000086a9  etext                           
abs   ffffffff  pinit                           


GLOBAL SYMBOLS: SORTED BY Symbol Address 

page  address   name                            
----  -------   ----                            
0     00000000  code_start                      
0     00000050  ___cinit__                      
0     00000050  cinit                           
0     0000008d  _DSP28x_usDelay                 
0     00008000  .text                           
0     00008000  _INT13_ISR                      
0     00008000  ___text__                       
0     00008005  _INT14_ISR                      
0     0000800a  _DATALOG_ISR                    
0     0000800f  _RTOSINT_ISR                    
0     00008014  _EMUINT_ISR                     
0     00008019  _NMI_ISR                        
0     0000801e  _ILLEGAL_ISR                    
0     00008023  _USER1_ISR                      
0     00008028  _USER2_ISR                      
0     0000802d  _USER3_ISR                      
0     00008032  _USER4_ISR                      
0     00008037  _USER5_ISR                      
0     0000803c  _USER6_ISR                      
0     00008041  _USER7_ISR                      
0     00008046  _USER8_ISR                      
0     0000804b  _USER9_ISR                      
0     00008050  _USER10_ISR                     
0     00008055  _USER11_ISR                     
0     0000805a  _USER12_ISR                     
0     0000805f  _ADCINT1_ISR                    
0     00008064  _ADCINT2_ISR                    
0     00008069  _XINT1_ISR                      
0     0000806e  _XINT2_ISR                      
0     00008073  _ADCINT9_ISR                    
0     00008078  _TINT0_ISR                      
0     0000807d  _WAKEINT_ISR                    
0     00008082  _EPWM1_TZINT_ISR                
0     00008087  _EPWM2_TZINT_ISR                
0     0000808c  _EPWM3_TZINT_ISR                
0     00008091  _EPWM4_TZINT_ISR                
0     00008096  _EPWM5_TZINT_ISR                
0     0000809b  _EPWM6_TZINT_ISR                
0     000080a0  _EPWM7_TZINT_ISR                
0     000080a5  _EPWM1_INT_ISR                  
0     000080aa  _EPWM2_INT_ISR                  
0     000080af  _EPWM3_INT_ISR                  
0     000080b4  _EPWM4_INT_ISR                  
0     000080b9  _EPWM5_INT_ISR                  
0     000080be  _EPWM6_INT_ISR                  
0     000080c3  _EPWM7_INT_ISR                  
0     000080c8  _ECAP1_INT_ISR                  
0     000080cd  _HRCAP1_INT_ISR                 
0     000080d2  _HRCAP2_INT_ISR                 
0     000080d7  _EQEP1_INT_ISR                  
0     000080dc  _SPIRXINTA_ISR                  
0     000080e1  _SPITXINTA_ISR                  
0     000080e6  _SPIRXINTB_ISR                  
0     000080eb  _SPITXINTB_ISR                  
0     000080f0  _I2CINT1A_ISR                   
0     000080f5  _I2CINT2A_ISR                   
0     000080fa  _SCIRXINTA_ISR                  
0     000080ff  _SCITXINTA_ISR                  
0     00008104  _LIN0INTA_ISR                   
0     00008109  _LIN1INTA_ISR                   
0     0000810e  _ECAN0INTA_ISR                  
0     00008113  _ECAN1INTA_ISR                  
0     00008118  _ADCINT3_ISR                    
0     0000811d  _ADCINT4_ISR                    
0     00008122  _ADCINT5_ISR                    
0     00008127  _ADCINT6_ISR                    
0     0000812c  _ADCINT7_ISR                    
0     00008131  _ADCINT8_ISR                    
0     00008136  _CLA1_INT1_ISR                  
0     0000813b  _CLA1_INT2_ISR                  
0     00008140  _CLA1_INT3_ISR                  
0     00008145  _CLA1_INT4_ISR                  
0     0000814a  _CLA1_INT5_ISR                  
0     0000814f  _CLA1_INT6_ISR                  
0     00008154  _CLA1_INT7_ISR                  
0     00008159  _CLA1_INT8_ISR                  
0     0000815e  _XINT3_ISR                      
0     00008163  _LVF_ISR                        
0     00008168  _LUF_ISR                        
0     0000816d  _EMPTY_ISR                      
0     00008172  _PIE_RESERVED                   
0     00008177  _rsvd_ISR                       
0     0000817c  _InitSysCtrl                    
0     00008196  _ServiceDog                     
0     000081a0  _DisableDog                     
0     000081a8  _InitPll                        
0     000081fd  _InitPeripheralClocks           
0     00008239  _CsmUnlock                      
0     0000826a  _IntOsc1Sel                     
0     0000827a  _IntOsc2Sel                     
0     0000828e  _XtalOscSel                     
0     000082aa  _ExtOscSel                      
0     000082c0  _POSSPEED_Init                  
0     000082e2  _POSSPEED_Calc                  
0     000083e9  _InitEPwm                       
0     000083ea  _InitEPwmGpio                   
0     000083f9  _InitEPwm1Gpio                  
0     0000840b  _InitEPwm2Gpio                  
0     0000841d  _InitEPwm3Gpio                  
0     00008431  _InitEPwm4Gpio                  
0     00008445  _InitEPwm5Gpio                  
0     00008457  _InitEPwm6Gpio                  
0     00008469  _InitEPwm7Gpio                  
0     0000847b  _InitEPwmSyncGpio               
0     0000848c  _InitTzGpio                     
0     000084ad  _c_int00                        
0     00008501  _prdTick                        
0     0000853f  _main                           
0     00008573  _InitEQep                       
0     00008574  _InitEQepGpio                   
0     00008577  _InitEQep1Gpio                  
0     000085a1  C$$EXIT                         
0     000085a1  _abort                          
0     000085a3  _exit                           
0     000085ca  _InitPieCtrl                    
0     000085e9  _EnableInterrupts               
0     000085f2  _InitPieVectTable               
0     00008618  _copy_in                        
0     0000863c  _initEpwm                       
0     0000865f  _memcpy                         
0     0000867c  __args_main                     
0     00008695  __register_unlock               
0     00008699  __register_lock                 
0     0000869d  __nop                           
0     000086a6  __system_pre_init               
0     000086a8  __system_post_cinit             
0     000086a9  __IQ24div                       
0     000086a9  ___etext__                      
0     000086a9  etext                           
0     003fe000  _IQsinTable                     
0     003fe100  _IQcosTable                     
0     003fe400  _IQsinTableEnd                  
0     003fe502  _IQcosTableEnd                  
0     003fe502  _IQdivRoundSatTable             
0     003fe510  _IQdivTable                     
0     003fe712  _IQdivTableEnd                  
0     003fe712  _IQisqrtRoundSatTable           
0     003fe712  _IQsqrtRoundSatTable            
0     003fe722  _IQisqrtTable                   
0     003fe722  _IQsqrtTable                    
0     003fe824  _IQatan2HalfPITable             
0     003fe824  _IQisqrtTableEnd                
0     003fe824  _IQsqrtTableEnd                 
0     003fe862  _IQatan2Table                   
0     003fe9e8  _IQ30mpyRndSatTable             
0     003fe9e8  _IQatan2TableEnd                
0     003fe9e8  _IQmpyRndSatTable               
0     003fe9f4  _IQ29mpyRndSatTable             
0     003fea00  _IQ28mpyRndSatTable             
0     003fea0c  _IQ27mpyRndSatTable             
0     003fea18  _IQ26mpyRndSatTable             
0     003fea24  _IQ25mpyRndSatTable             
0     003fea30  _IQ24mpyRndSatTable             
0     003fea3c  _IQ23mpyRndSatTable             
0     003fea48  _IQ22mpyRndSatTable             
0     003fea54  _IQ21mpyRndSatTable             
0     003fea60  _IQ20mpyRndSatTable             
0     003fea6c  _IQ19mpyRndSatTable             
0     003fea78  _IQ18mpyRndSatTable             
0     003fea84  _IQ17mpyRndSatTable             
0     003fea90  _IQ16mpyRndSatTable             
0     003fea9c  _IQ15mpyRndSatTable             
0     003feaa8  _IQ14mpyRndSatTable             
0     003feab4  _IQ13mpyRndSatTable             
0     003feac0  _IQ12mpyRndSatTable             
0     003feacc  _IQ11mpyRndSatTable             
0     003fead8  _IQ10mpyRndSatTable             
0     003feae4  _IQ9mpyRndSatTable              
0     003feaf0  _IQ8mpyRndSatTable              
0     003feafc  _IQ7mpyRndSatTable              
0     003feb08  _IQ6mpyRndSatTable              
0     003feb14  _IQ5mpyRndSatTable              
0     003feb20  _IQ4mpyRndSatTable              
0     003feb2c  _IQ3mpyRndSatTable              
0     003feb38  _IQ2mpyRndSatTable              
0     003feb44  _IQ1mpyRndSatTable              
0     003feb50  _IQmpyRndSatTableEnd            
1     00000480  __stack                         
1     00000800  __STACK_END                     
1     00000880  _DevEmuRegs                     
1     00000985  _SysPwrCtrlRegs                 
1     00000a80  _FlashRegs                      
1     00000ae0  _CsmRegs                        
1     00000b00  _AdcResult                      
1     00000c00  _CpuTimer0Regs                  
1     00000c08  _CpuTimer1Regs                  
1     00000c10  _CpuTimer2Regs                  
1     00000ce0  _PieCtrlRegs                    
1     00000d00  _EmuKey                         
1     00000d00  _PieVectTable                   
1     00000d01  _EmuBMode                       
1     00000d02  _Flash_CallbackPtr              
1     00000d04  _Flash_CPUScaleFactor           
1     00001400  _Cla1Regs                       
1     00006000  _ECanaRegs                      
1     00006040  _ECanaLAMRegs                   
1     00006080  _ECanaMOTSRegs                  
1     000060c0  _ECanaMOTORegs                  
1     00006100  _ECanaMboxes                    
1     00006400  _Comp1Regs                      
1     00006420  _Comp2Regs                      
1     00006440  _Comp3Regs                      
1     00006800  _EPwm1Regs                      
1     00006840  _EPwm2Regs                      
1     00006880  _EPwm3Regs                      
1     000068c0  _EPwm4Regs                      
1     00006900  _EPwm5Regs                      
1     00006940  _EPwm6Regs                      
1     00006980  _EPwm7Regs                      
1     00006a00  _ECap1Regs                      
1     00006ac0  _HRCap1Regs                     
1     00006ae0  _HRCap2Regs                     
1     00006b00  _EQep1Regs                      
1     00006c00  _LinaRegs                       
1     00006f80  _GpioCtrlRegs                   
1     00006fc0  _GpioDataRegs                   
1     00006fe0  _GpioIntRegs                    
1     00007010  _SysCtrlRegs                    
1     00007040  _SpiaRegs                       
1     00007050  _SciaRegs                       
1     00007060  _NmiIntruptRegs                 
1     00007070  _XIntruptRegs                   
1     00007100  _AdcRegs                        
1     00007740  _SpibRegs                       
1     00007900  _I2caRegs                       
1     00008d00  _PieVectTableInit               
1     00008e00  _Interrupt_Count                
1     00008e02  _qep_posspeed                   
1     00008e1e  ___TI_enable_exit_profile_output
1     00008e20  ___TI_cleanup_ptr               
1     00008e22  ___TI_dtors_ptr                 
1     00008e24  __lock                          
1     00008e26  __unlock                        
1     003d7e80  _PartIdRegs                     
1     003f7ff8  _CsmPwl                         
abs   00000380  __STACK_SIZE                    
abs   ffffffff  ___TI_pprof_out_hndl            
abs   ffffffff  ___TI_prof_data_size            
abs   ffffffff  ___TI_prof_data_start           
abs   ffffffff  ___binit__                      
abs   ffffffff  ___c_args__                     
abs   ffffffff  ___pinit__                      
abs   ffffffff  binit                           
abs   ffffffff  pinit                           

[244 symbols]
